Component: ARM Compiler 5.06 update 3 (build 300) Tool: armlink [4d35c9]

==============================================================================

Section Cross References

    startup_stm32f10x_md.o(RESET) refers to startup_stm32f10x_md.o(STACK) for __initial_sp
    startup_stm32f10x_md.o(RESET) refers to startup_stm32f10x_md.o(.text) for Reset_Handler
    startup_stm32f10x_md.o(RESET) refers to stm32f10x_it.o(i.NMI_Handler) for NMI_Handler
    startup_stm32f10x_md.o(RESET) refers to stm32f10x_it.o(i.HardFault_Handler) for HardFault_Handler
    startup_stm32f10x_md.o(RESET) refers to stm32f10x_it.o(i.MemManage_Handler) for MemManage_Handler
    startup_stm32f10x_md.o(RESET) refers to stm32f10x_it.o(i.BusFault_Handler) for BusFault_Handler
    startup_stm32f10x_md.o(RESET) refers to stm32f10x_it.o(i.UsageFault_Handler) for UsageFault_Handler
    startup_stm32f10x_md.o(RESET) refers to stm32f10x_it.o(i.SVC_Handler) for SVC_Handler
    startup_stm32f10x_md.o(RESET) refers to stm32f10x_it.o(i.DebugMon_Handler) for DebugMon_Handler
    startup_stm32f10x_md.o(RESET) refers to stm32f10x_it.o(i.PendSV_Handler) for PendSV_Handler
    startup_stm32f10x_md.o(RESET) refers to stm32f10x_it.o(i.SysTick_Handler) for SysTick_Handler
    startup_stm32f10x_md.o(RESET) refers to control.o(i.EXTI9_5_IRQHandler) for EXTI9_5_IRQHandler
    startup_stm32f10x_md.o(RESET) refers to usart.o(i.USART1_IRQHandler) for USART1_IRQHandler
    startup_stm32f10x_md.o(RESET) refers to usart2.o(i.USART2_IRQHandler) for USART2_IRQHandler
    startup_stm32f10x_md.o(.text) refers to system_stm32f10x.o(i.SystemInit) for SystemInit
    startup_stm32f10x_md.o(.text) refers to entry.o(.ARM.Collect$$$$00000000) for __main
    system_stm32f10x.o(i.SetSysClock) refers to system_stm32f10x.o(i.SetSysClockTo72) for SetSysClockTo72
    system_stm32f10x.o(i.SystemCoreClockUpdate) refers to system_stm32f10x.o(.data) for SystemCoreClock
    system_stm32f10x.o(i.SystemInit) refers to system_stm32f10x.o(i.SetSysClock) for SetSysClock
    stm32f10x_adc.o(i.ADC_DeInit) refers to stm32f10x_rcc.o(i.RCC_APB2PeriphResetCmd) for RCC_APB2PeriphResetCmd
    stm32f10x_bkp.o(i.BKP_DeInit) refers to stm32f10x_rcc.o(i.RCC_BackupResetCmd) for RCC_BackupResetCmd
    stm32f10x_can.o(i.CAN_DeInit) refers to stm32f10x_rcc.o(i.RCC_APB1PeriphResetCmd) for RCC_APB1PeriphResetCmd
    stm32f10x_can.o(i.CAN_GetITStatus) refers to stm32f10x_can.o(i.CheckITStatus) for CheckITStatus
    stm32f10x_cec.o(i.CEC_DeInit) refers to stm32f10x_rcc.o(i.RCC_APB1PeriphResetCmd) for RCC_APB1PeriphResetCmd
    stm32f10x_dac.o(i.DAC_DeInit) refers to stm32f10x_rcc.o(i.RCC_APB1PeriphResetCmd) for RCC_APB1PeriphResetCmd
    stm32f10x_flash.o(i.FLASH_EnableWriteProtection) refers to stm32f10x_flash.o(i.FLASH_WaitForLastOperation) for FLASH_WaitForLastOperation
    stm32f10x_flash.o(i.FLASH_EraseAllBank1Pages) refers to stm32f10x_flash.o(i.FLASH_WaitForLastBank1Operation) for FLASH_WaitForLastBank1Operation
    stm32f10x_flash.o(i.FLASH_EraseAllPages) refers to stm32f10x_flash.o(i.FLASH_WaitForLastOperation) for FLASH_WaitForLastOperation
    stm32f10x_flash.o(i.FLASH_EraseOptionBytes) refers to stm32f10x_flash.o(i.FLASH_GetReadOutProtectionStatus) for FLASH_GetReadOutProtectionStatus
    stm32f10x_flash.o(i.FLASH_EraseOptionBytes) refers to stm32f10x_flash.o(i.FLASH_WaitForLastOperation) for FLASH_WaitForLastOperation
    stm32f10x_flash.o(i.FLASH_ErasePage) refers to stm32f10x_flash.o(i.FLASH_WaitForLastOperation) for FLASH_WaitForLastOperation
    stm32f10x_flash.o(i.FLASH_ProgramHalfWord) refers to stm32f10x_flash.o(i.FLASH_WaitForLastOperation) for FLASH_WaitForLastOperation
    stm32f10x_flash.o(i.FLASH_ProgramOptionByteData) refers to stm32f10x_flash.o(i.FLASH_WaitForLastOperation) for FLASH_WaitForLastOperation
    stm32f10x_flash.o(i.FLASH_ProgramWord) refers to stm32f10x_flash.o(i.FLASH_WaitForLastOperation) for FLASH_WaitForLastOperation
    stm32f10x_flash.o(i.FLASH_ReadOutProtection) refers to stm32f10x_flash.o(i.FLASH_WaitForLastOperation) for FLASH_WaitForLastOperation
    stm32f10x_flash.o(i.FLASH_UserOptionByteConfig) refers to stm32f10x_flash.o(i.FLASH_WaitForLastOperation) for FLASH_WaitForLastOperation
    stm32f10x_flash.o(i.FLASH_WaitForLastBank1Operation) refers to stm32f10x_flash.o(i.FLASH_GetBank1Status) for FLASH_GetBank1Status
    stm32f10x_flash.o(i.FLASH_WaitForLastOperation) refers to stm32f10x_flash.o(i.FLASH_GetBank1Status) for FLASH_GetBank1Status
    stm32f10x_gpio.o(i.GPIO_AFIODeInit) refers to stm32f10x_rcc.o(i.RCC_APB2PeriphResetCmd) for RCC_APB2PeriphResetCmd
    stm32f10x_gpio.o(i.GPIO_DeInit) refers to stm32f10x_rcc.o(i.RCC_APB2PeriphResetCmd) for RCC_APB2PeriphResetCmd
    stm32f10x_i2c.o(i.I2C_DeInit) refers to stm32f10x_rcc.o(i.RCC_APB1PeriphResetCmd) for RCC_APB1PeriphResetCmd
    stm32f10x_i2c.o(i.I2C_Init) refers to stm32f10x_rcc.o(i.RCC_GetClocksFreq) for RCC_GetClocksFreq
[...]
    i.GPIO_Init                              0x08000e50   Section        0  stm32f10x_gpio.o(i.GPIO_Init)
    i.GPIO_PinRemapConfig                    0x08000f68   Section        0  stm32f10x_gpio.o(i.GPIO_PinRemapConfig)
    i.GPIO_ResetBits                         0x08000ff8   Section        0  stm32f10x_gpio.o(i.GPIO_ResetBits)
    i.GPIO_SetBits                           0x08000ffc   Section        0  stm32f10x_gpio.o(i.GPIO_SetBits)
    i.HardFault_Handler                      0x08001000   Section        0  stm32f10x_it.o(i.HardFault_Handler)
    i.Limit                                  0x08001004   Section        0  motor.o(i.Limit)
    i.MPU6050_EXTI_Init                      0x08001040   Section        0  exti.o(i.MPU6050_EXTI_Init)
    i.MPU_Get_Gyroscope                      0x080010ac   Section        0  mpu6050.o(i.MPU_Get_Gyroscope)
    i.MPU_IIC_Ack                            0x080010fc   Section        0  mpuiic.o(i.MPU_IIC_Ack)
    i.MPU_IIC_Delay                          0x08001148   Section        0  mpuiic.o(i.MPU_IIC_Delay)
    i.MPU_IIC_Init                           0x08001154   Section        0  mpuiic.o(i.MPU_IIC_Init)
    i.MPU_IIC_NAck                           0x08001180   Section        0  mpuiic.o(i.MPU_IIC_NAck)
    i.MPU_IIC_Read_Byte                      0x080011cc   Section        0  mpuiic.o(i.MPU_IIC_Read_Byte)
    i.MPU_IIC_Send_Byte                      0x08001238   Section        0  mpuiic.o(i.MPU_IIC_Send_Byte)
    i.MPU_IIC_Start                          0x08001294   Section        0  mpuiic.o(i.MPU_IIC_Start)
    i.MPU_IIC_Stop                           0x080012dc   Section        0  mpuiic.o(i.MPU_IIC_Stop)
    i.MPU_IIC_Wait_Ack                       0x08001324   Section        0  mpuiic.o(i.MPU_IIC_Wait_Ack)
    i.MPU_Init                               0x08001388   Section        0  mpu6050.o(i.MPU_Init)
    i.MPU_Read_Byte                          0x08001402   Section        0  mpu6050.o(i.MPU_Read_Byte)
    i.MPU_Read_Len                           0x0800143c   Section        0  mpu6050.o(i.MPU_Read_Len)
    i.MPU_Set_Accel_Fsr                      0x080014b0   Section        0  mpu6050.o(i.MPU_Set_Accel_Fsr)
    i.MPU_Set_Gyro_Fsr                       0x080014c0   Section        0  mpu6050.o(i.MPU_Set_Gyro_Fsr)
    i.MPU_Set_LPF                            0x080014d0   Section        0  mpu6050.o(i.MPU_Set_LPF)
    i.MPU_Set_Rate                           0x0800150a   Section        0  mpu6050.o(i.MPU_Set_Rate)
    i.MPU_Write_Byte                         0x08001544   Section        0  mpu6050.o(i.MPU_Write_Byte)
    i.MPU_Write_Len                          0x08001588   Section        0  mpu6050.o(i.MPU_Write_Len)
    i.MemManage_Handler                      0x080015e8   Section        0  stm32f10x_it.o(i.MemManage_Handler)
    i.Motor_Init                             0x080015ec   Section        0  motor.o(i.Motor_Init)
    i.NMI_Handler                            0x08001618   Section        0  stm32f10x_it.o(i.NMI_Handler)
    i.NVIC_Config                            0x0800161a   Section        0  sys.o(i.NVIC_Config)
    i.NVIC_Init                              0x0800163c   Section        0  misc.o(i.NVIC_Init)
    i.NVIC_PriorityGroupConfig               0x080016ac   Section        0  misc.o(i.NVIC_PriorityGroupConfig)
    i.OLED_Clear                             0x080016c0   Section        0  oled.o(i.OLED_Clear)
    i.OLED_Float                             0x08001700   Section        0  oled.o(i.OLED_Float)
    i.OLED_IIC_Start                         0x080018c0   Section        0  oled.o(i.OLED_IIC_Start)
    i.OLED_IIC_Stop                          0x080018f0   Section        0  oled.o(i.OLED_IIC_Stop)
    i.OLED_IIC_Wait_Ack                      0x08001918   Section        0  oled.o(i.OLED_IIC_Wait_Ack)
    i.OLED_Init                              0x08001934   Section        0  oled.o(i.OLED_Init)
    i.OLED_Set_Pos                           0x08001a58   Section        0  oled.o(i.OLED_Set_Pos)
    i.OLED_ShowChar                          0x08001a80   Section        0  oled.o(i.OLED_ShowChar)
    i.OLED_ShowString                        0x08001b24   Section        0  oled.o(i.OLED_ShowString)
    i.OLED_WR_Byte                           0x08001b5a   Section        0  oled.o(i.OLED_WR_Byte)
    i.OLED_Write_IIC_Byte                    0x08001b74   Section        0  oled.o(i.OLED_Write_IIC_Byte)
    i.OLED_Write_IIC_Command                 0x08001bd0   Section        0  oled.o(i.OLED_Write_IIC_Command)
    i.OLED_Write_IIC_Data                    0x08001bfc   Section        0  oled.o(i.OLED_Write_IIC_Data)
    i.PWM_Init_TIM1                          0x08001c28   Section        0  pwm.o(i.PWM_Init_TIM1)
    i.PendSV_Handler                         0x08001cd4   Section        0  stm32f10x_it.o(i.PendSV_Handler)
    i.RCC_APB1PeriphClockCmd                 0x08001cd8   Section        0  stm32f10x_rcc.o(i.RCC_APB1PeriphClockCmd)
    i.RCC_APB2PeriphClockCmd                 0x08001cf8   Section        0  stm32f10x_rcc.o(i.RCC_APB2PeriphClockCmd)
    i.RCC_GetClocksFreq                      0x08001d18   Section        0  stm32f10x_rcc.o(i.RCC_GetClocksFreq)
    i.Read_Spead                             0x08001dec   Section        0  encoder.o(i.Read_Spead)
    i.SETPWM                                 0x08001e30   Section        0  motor.o(i.SETPWM)
    i.SVC_Handler                            0x08001eac   Section        0  stm32f10x_it.o(i.SVC_Handler)
    i.SetSysClock                            0x08001eae   Section        0  system_stm32f10x.o(i.SetSysClock)
    SetSysClock                              0x08001eaf   Thumb Code     8  system_stm32f10x.o(i.SetSysClock)
    i.SetSysClockTo72                        0x08001eb8   Section        0  system_stm32f10x.o(i.SetSysClockTo72)
    SetSysClockTo72                          0x08001eb9   Thumb Code   214  system_stm32f10x.o(i.SetSysClockTo72)
    i.SysTick_CLKSourceConfig                0x08001f98   Section        0  misc.o(i.SysTick_CLKSourceConfig)
    i.SysTick_Handler                        0x08001fc0   Section        0  stm32f10x_it.o(i.SysTick_Handler)
    i.SystemInit                             0x08001fc4   Section        0  system_stm32f10x.o(i.SystemInit)
    i.TI1_Config                             0x08002024   Section        0  stm32f10x_tim.o(i.TI1_Config)
    TI1_Config                               0x08002025   Thumb Code   108  stm32f10x_tim.o(i.TI1_Config)
    i.TI2_Config                             0x080020a4   Section        0  stm32f10x_tim.o(i.TI2_Config)
    TI2_Config                               0x080020a5   Thumb Code   130  stm32f10x_tim.o(i.TI2_Config)
    i.TI3_Config                             0x0800213c   Section        0  stm32f10x_tim.o(i.TI3_Config)
    TI3_Config                               0x0800213d   Thumb Code   122  stm32f10x_tim.o(i.TI3_Config)
    i.TI4_Config                             0x080021cc   Section        0  stm32f10x_tim.o(i.TI4_Config)
    TI4_Config                               0x080021cd   Thumb Code   130  stm32f10x_tim.o(i.TI4_Config)
    i.TIM_ARRPreloadConfig                   0x08002264   Section        0  stm32f10x_tim.o(i.TIM_ARRPreloadConfig)
    i.TIM_ClearFlag                          0x0800227c   Section        0  stm32f10x_tim.o(i.TIM_ClearFlag)
    i.TIM_Cmd                                0x08002282   Section        0  stm32f10x_tim.o(i.TIM_Cmd)
    i.TIM_CtrlPWMOutputs                     0x0800229a   Section        0  stm32f10x_tim.o(i.TIM_CtrlPWMOutputs)
    i.TIM_EncoderInterfaceConfig             0x080022b8   Section        0  stm32f10x_tim.o(i.TIM_EncoderInterfaceConfig)
    i.TIM_GetCounter                         0x080022fa   Section        0  stm32f10x_tim.o(i.TIM_GetCounter)
    i.TIM_ICInit                             0x08002300   Section        0  stm32f10x_tim.o(i.TIM_ICInit)
    i.TIM_ICStructInit                       0x080023ac   Section        0  stm32f10x_tim.o(i.TIM_ICStructInit)
    i.TIM_ITConfig                           0x080023be   Section        0  stm32f10x_tim.o(i.TIM_ITConfig)
    i.TIM_OC1Init                            0x080023d0   Section        0  stm32f10x_tim.o(i.TIM_OC1Init)
    i.TIM_OC1PreloadConfig                   0x08002468   Section        0  stm32f10x_tim.o(i.TIM_OC1PreloadConfig)
    i.TIM_OC4Init                            0x0800247c   Section        0  stm32f10x_tim.o(i.TIM_OC4Init)
    i.TIM_OC4PreloadConfig                   0x080024f8   Section        0  stm32f10x_tim.o(i.TIM_OC4PreloadConfig)
    i.TIM_SetCompare1                        0x08002512   Section        0  stm32f10x_tim.o(i.TIM_SetCompare1)
    i.TIM_SetCompare4                        0x08002516   Section        0  stm32f10x_tim.o(i.TIM_SetCompare4)
    i.TIM_SetCounter                         0x0800251c   Section        0  stm32f10x_tim.o(i.TIM_SetCounter)
    i.TIM_SetIC1Prescaler                    0x08002520   Section        0  stm32f10x_tim.o(i.TIM_SetIC1Prescaler)
    i.TIM_SetIC2Prescaler                    0x08002532   Section        0  stm32f10x_tim.o(i.TIM_SetIC2Prescaler)
    i.TIM_SetIC3Prescaler                    0x0800254c   Section        0  stm32f10x_tim.o(i.TIM_SetIC3Prescaler)
    i.TIM_SetIC4Prescaler                    0x0800255e   Section        0  stm32f10x_tim.o(i.TIM_SetIC4Prescaler)
    i.TIM_TimeBaseInit                       0x08002578   Section        0  stm32f10x_tim.o(i.TIM_TimeBaseInit)
    i.TIM_TimeBaseStructInit                 0x0800261c   Section        0  stm32f10x_tim.o(i.TIM_TimeBaseStructInit)
    i.Turn                                   0x08002630   Section        0  control.o(i.Turn)
    i.Turn_Off                               0x080026f4   Section        0  motor.o(i.Turn_Off)
    i.USART1_IRQHandler                      0x08002740   Section        0  usart.o(i.USART1_IRQHandler)
    i.USART2_IRQHandler                      0x0800287c   Section        0  usart2.o(i.USART2_IRQHandler)
    i.USART2_Init                            0x08002890   Section        0  usart2.o(i.USART2_Init)
    i.USART_Cmd                              0x08002918   Section        0  stm32f10x_usart.o(i.USART_Cmd)
    i.USART_GetFlagStatus                    0x08002930   Section        0  stm32f10x_usart.o(i.USART_GetFlagStatus)
    i.USART_GetITStatus                      0x0800294a   Section        0  stm32f10x_usart.o(i.USART_GetITStatus)
    i.USART_ITConfig                         0x0800299e   Section        0  stm32f10x_usart.o(i.USART_ITConfig)
    i.USART_Init                             0x080029e8   Section        0  stm32f10x_usart.o(i.USART_Init)
    i.USART_ReceiveData                      0x08002ac0   Section        0  stm32f10x_usart.o(i.USART_ReceiveData)
    i.USART_SendData                         0x08002aca   Section        0  stm32f10x_usart.o(i.USART_SendData)
    i.UsageFault_Handler                     0x08002ad2   Section        0  stm32f10x_it.o(i.UsageFault_Handler)
    i.Velocity_PI                            0x08002ad8   Section        0  control.o(i.Velocity_PI)
    i.Vertical_PD                            0x08002c78   Section        0  control.o(i.Vertical_PD)
    i.__0printf$8                            0x08002cc4   Section        0  printf8.o(i.__0printf$8)
    i.__ARM_fpclassify                       0x08002ce4   Section        0  fpclassify.o(i.__ARM_fpclassify)
    i.__kernel_poly                          0x08002d0c   Section        0  poly.o(i.__kernel_poly)
    i.__mathlib_dbl_infnan                   0x08002db6   Section        0  dunder.o(i.__mathlib_dbl_infnan)
    i.__mathlib_dbl_infnan2                  0x08002dbc   Section        0  dunder.o(i.__mathlib_dbl_infnan2)
    i.__mathlib_dbl_invalid                  0x08002dc0   Section        0  dunder.o(i.__mathlib_dbl_invalid)
    i.__mathlib_dbl_underflow                0x08002dcc   Section        0  dunder.o(i.__mathlib_dbl_underflow)
    i.__scatterload_copy                     0x08002ddc   Section       14  handlers.o(i.__scatterload_copy)
    i.__scatterload_null                     0x08002dea   Section        2  handlers.o(i.__scatterload_null)
    i.__scatterload_zeroinit                 0x08002dec   Section       14  handlers.o(i.__scatterload_zeroinit)
    i.__set_errno                            0x08002dfc   Section        0  errno.o(i.__set_errno)
    i._printf_core                           0x08002e08   Section        0  printf8.o(i._printf_core)
    _printf_core                             0x08002e09   Thumb Code   996  printf8.o(i._printf_core)
    i._printf_post_padding                   0x08003218   Section        0  printf8.o(i._printf_post_padding)
    _printf_post_padding                     0x08003219   Thumb Code    36  printf8.o(i._printf_post_padding)
    i._printf_pre_padding                    0x0800323c   Section        0  printf8.o(i._printf_pre_padding)
    _printf_pre_padding                      0x0800323d   Thumb Code    46  printf8.o(i._printf_pre_padding)
    i.accel_self_test                        0x0800326c   Section        0  inv_mpu.o(i.accel_self_test)
    accel_self_test                          0x0800326d   Thumb Code   164  inv_mpu.o(i.accel_self_test)
    i.asin                                   0x08003314   Section        0  asin.o(i.asin)
    i.atan                                   0x08003584   Section        0  atan.o(i.atan)
    i.atan2                                  0x080037a4   Section        0  atan2.o(i.atan2)
    i.decode_gesture                         0x08003924   Section        0  inv_mpu_dmp_motion_driver.o(i.decode_gesture)
    decode_gesture                           0x08003925   Thumb Code    94  inv_mpu_dmp_motion_driver.o(i.decode_gesture)
    i.delay_init                             0x08003988   Section        0  delay.o(i.delay_init)
    i.delay_ms                               0x080039cc   Section        0  delay.o(i.delay_ms)
    i.delay_us                               0x08003a18   Section        0  delay.o(i.delay_us)
    i.dmp_enable_6x_lp_quat                  0x08003a64   Section        0  inv_mpu_dmp_motion_driver.o(i.dmp_enable_6x_lp_quat)
    i.dmp_enable_feature                     0x08003aa0   Section        0  inv_mpu_dmp_motion_driver.o(i.dmp_enable_feature)
    i.dmp_enable_gyro_cal                    0x08003cbc   Section        0  inv_mpu_dmp_motion_driver.o(i.dmp_enable_gyro_cal)
    i.dmp_enable_lp_quat                     0x08003d14   Section        0  inv_mpu_dmp_motion_driver.o(i.dmp_enable_lp_quat)
    i.dmp_load_motion_driver_firmware        0x08003d50   Section        0  inv_mpu_dmp_motion_driver.o(i.dmp_load_motion_driver_firmware)
    i.dmp_read_fifo                          0x08003d68   Section        0  inv_mpu_dmp_motion_driver.o(i.dmp_read_fifo)
    i.dmp_set_accel_bias                     0x08003f34   Section        0  inv_mpu_dmp_motion_driver.o(i.dmp_set_accel_bias)
    i.dmp_set_fifo_rate                      0x08004064   Section        0  inv_mpu_dmp_motion_driver.o(i.dmp_set_fifo_rate)
    i.dmp_set_gyro_bias                      0x080040d4   Section        0  inv_mpu_dmp_motion_driver.o(i.dmp_set_gyro_bias)
    i.dmp_set_orientation                    0x08004204   Section        0  inv_mpu_dmp_motion_driver.o(i.dmp_set_orientation)
    i.dmp_set_shake_reject_thresh            0x0800433c   Section        0  inv_mpu_dmp_motion_driver.o(i.dmp_set_shake_reject_thresh)
    i.dmp_set_shake_reject_time              0x08004374   Section        0  inv_mpu_dmp_motion_driver.o(i.dmp_set_shake_reject_time)
    i.dmp_set_shake_reject_timeout           0x0800439a   Section        0  inv_mpu_dmp_motion_driver.o(i.dmp_set_shake_reject_timeout)
    i.dmp_set_tap_axes                       0x080043c0   Section        0  inv_mpu_dmp_motion_driver.o(i.dmp_set_tap_axes)
    i.dmp_set_tap_count                      0x08004406   Section        0  inv_mpu_dmp_motion_driver.o(i.dmp_set_tap_count)
    i.dmp_set_tap_thresh                     0x0800442c   Section        0  inv_mpu_dmp_motion_driver.o(i.dmp_set_tap_thresh)
    i.dmp_set_tap_time                       0x080045cc   Section        0  inv_mpu_dmp_motion_driver.o(i.dmp_set_tap_time)
    i.dmp_set_tap_time_multi                 0x080045f2   Section        0  inv_mpu_dmp_motion_driver.o(i.dmp_set_tap_time_multi)
    i.fputc                                  0x08004618   Section        0  usart2.o(i.fputc)
    i.get_accel_prod_shift                   0x0800463c   Section        0  inv_mpu.o(i.get_accel_prod_shift)
    get_accel_prod_shift                     0x0800463d   Thumb Code   168  inv_mpu.o(i.get_accel_prod_shift)
    i.get_st_biases                          0x080046f0   Section        0  inv_mpu.o(i.get_st_biases)
    get_st_biases                            0x080046f1   Thumb Code  1132  inv_mpu.o(i.get_st_biases)
    i.gyro_self_test                         0x08004b60   Section        0  inv_mpu.o(i.gyro_self_test)
    gyro_self_test                           0x08004b61   Thumb Code   256  inv_mpu.o(i.gyro_self_test)
    i.inv_orientation_matrix_to_scalar       0x08004c70   Section        0  inv_mpu.o(i.inv_orientation_matrix_to_scalar)
    i.inv_row_2_scale                        0x08004c98   Section        0  inv_mpu.o(i.inv_row_2_scale)
    i.main                                   0x08004ce8   Section        0  main.o(i.main)
    i.mget_ms                                0x08004d88   Section        0  inv_mpu.o(i.mget_ms)
    i.mpu_configure_fifo                     0x08004d8c   Section        0  inv_mpu.o(i.mpu_configure_fifo)
    i.mpu_dmp_get_data                       0x08004dfc   Section        0  inv_mpu.o(i.mpu_dmp_get_data)
    i.mpu_dmp_init                           0x08005020   Section        0  inv_mpu.o(i.mpu_dmp_init)
    i.mpu_get_accel_fsr                      0x080050b8   Section        0  inv_mpu.o(i.mpu_get_accel_fsr)
    i.mpu_get_accel_sens                     0x08005104   Section        0  inv_mpu.o(i.mpu_get_accel_sens)
    i.mpu_get_fifo_config                    0x08005158   Section        0  inv_mpu.o(i.mpu_get_fifo_config)
    i.mpu_get_gyro_fsr                       0x08005168   Section        0  inv_mpu.o(i.mpu_get_gyro_fsr)
    i.mpu_get_gyro_sens                      0x080051ac   Section        0  inv_mpu.o(i.mpu_get_gyro_sens)
    i.mpu_get_lpf                            0x080051fc   Section        0  inv_mpu.o(i.mpu_get_lpf)
    i.mpu_get_sample_rate                    0x0800524c   Section        0  inv_mpu.o(i.mpu_get_sample_rate)
    i.mpu_init                               0x0800526c   Section        0  inv_mpu.o(i.mpu_init)
    i.mpu_load_firmware                      0x0800545c   Section        0  inv_mpu.o(i.mpu_load_firmware)
    i.mpu_lp_accel_mode                      0x08005514   Section        0  inv_mpu.o(i.mpu_lp_accel_mode)
    i.mpu_read_fifo_stream                   0x080055f4   Section        0  inv_mpu.o(i.mpu_read_fifo_stream)
    i.mpu_read_mem                           0x080056b4   Section        0  inv_mpu.o(i.mpu_read_mem)
    i.mpu_reset_fifo                         0x08005734   Section        0  inv_mpu.o(i.mpu_reset_fifo)
    i.mpu_run_self_test                      0x080058fc   Section        0  inv_mpu.o(i.mpu_run_self_test)
    i.mpu_set_accel_fsr                      0x08005a18   Section        0  inv_mpu.o(i.mpu_set_accel_fsr)
    i.mpu_set_bypass                         0x08005a9c   Section        0  inv_mpu.o(i.mpu_set_bypass)
    i.mpu_set_dmp_state                      0x08005be8   Section        0  inv_mpu.o(i.mpu_set_dmp_state)
    i.mpu_set_gyro_fsr                       0x08005c78   Section        0  inv_mpu.o(i.mpu_set_gyro_fsr)
    i.mpu_set_int_latched                    0x08005d00   Section        0  inv_mpu.o(i.mpu_set_int_latched)
    i.mpu_set_lpf                            0x08005d6c   Section        0  inv_mpu.o(i.mpu_set_lpf)
    i.mpu_set_sample_rate                    0x08005df0   Section        0  inv_mpu.o(i.mpu_set_sample_rate)
    i.mpu_set_sensors                        0x08005e8c   Section        0  inv_mpu.o(i.mpu_set_sensors)
    i.mpu_write_mem                          0x08005f5c   Section        0  inv_mpu.o(i.mpu_write_mem)
    i.run_self_test                          0x08005fdc   Section        0  inv_mpu.o(i.run_self_test)
    i.set_int_enable                         0x08006070   Section        0  inv_mpu.o(i.set_int_enable)
    set_int_enable                           0x08006071   Thumb Code   138  inv_mpu.o(i.set_int_enable)
    i.sqrt                                   0x08006100   Section        0  sqrt.o(i.sqrt)
    i.uart1_init                             0x0800614c   Section        0  usart.o(i.uart1_init)
    .constdata                               0x080061d0   Section     3062  inv_mpu_dmp_motion_driver.o(.constdata)
    dmp_memory                               0x080061d0   Data        3062  inv_mpu_dmp_motion_driver.o(.constdata)
    .constdata                               0x08006dc8   Section       80  inv_mpu.o(.constdata)
    .constdata                               0x08006e18   Section     2072  oled.o(.constdata)
    .constdata                               0x08007630   Section       80  asin.o(.constdata)
    pS                                       0x08007630   Data          48  asin.o(.constdata)
    qS                                       0x08007660   Data          32  asin.o(.constdata)
    .constdata                               0x08007680   Section      152  atan.o(.constdata)
    atanhi                                   0x08007680   Data          32  atan.o(.constdata)
    atanlo                                   0x080076a0   Data          32  atan.o(.constdata)
    aTodd                                    0x080076c0   Data          40  atan.o(.constdata)
    aTeven                                   0x080076e8   Data          48  atan.o(.constdata)
    .constdata                               0x08007718   Section        8  qnan.o(.constdata)
    .conststring                             0x08007720   Section       77  inv_mpu.o(.conststring)
    .data                                    0x20000000   Section       20  system_stm32f10x.o(.data)
    .data                                    0x20000014   Section       20  stm32f10x_rcc.o(.data)
    APBAHBPrescTable                         0x20000014   Data          16  stm32f10x_rcc.o(.data)
    ADCPrescTable                            0x20000024   Data           4  stm32f10x_rcc.o(.data)
    .data                                    0x20000028   Section        3  usart.o(.data)
    usart1_receive                           0x2000002a   Data           1  usart.o(.data)
    .data                                    0x2000002c   Section        4  delay.o(.data)
    fac_us                                   0x2000002c   Data           1  delay.o(.data)
    fac_ms                                   0x2000002e   Data           2  delay.o(.data)
    .data                                    0x20000030   Section       53  inv_mpu.o(.data)
    st                                       0x20000030   Data          44  inv_mpu.o(.data)
    gyro_orientation                         0x2000005c   Data           9  inv_mpu.o(.data)
    .data                                    0x20000068   Section       88  control.o(.data)
    Encoder_err                              0x2000009c   Data           4  control.o(.data)
    Encoder_err_low                          0x200000a0   Data           4  control.o(.data)
    Encoder_err_low_last                     0x200000a4   Data           4  control.o(.data)
    Encoder_sum                              0x200000a8   Data           4  control.o(.data)
    Movement                                 0x200000ac   Data           4  control.o(.data)
    PWM_out                                  0x200000b0   Data           4  control.o(.data)
    Target_Velocity                          0x200000b4   Data           4  control.o(.data)
    Turn_Target                              0x200000b8   Data           4  control.o(.data)
    Turn_Amplitude                           0x200000bc   Data           4  control.o(.data)
    .data                                    0x200000c0   Section       40  main.o(.data)
    .data                                    0x200000e8   Section        4  stdout.o(.data)
    .data                                    0x200000ec   Section        4  errno.o(.data)
    _errno                                   0x200000ec   Data           4  errno.o(.data)
    .bss                                     0x200000f0   Section       16  inv_mpu_dmp_motion_driver.o(.bss)
    dmp                                      0x200000f0   Data          16  inv_mpu_dmp_motion_driver.o(.bss)
    STACK                                    0x20000100   Section     1024  startup_stm32f10x_md.o(STACK)

    Global Symbols

    Symbol Name                              Value     Ov Type        Size  Object(Section)

    BuildAttributes$$THM_ISAv4$P$D$K$B$S$PE$A:L22UL41UL21$X:L11$S22US41US21$IEEE1$IW$USESV6$~STKCKD$USESV7$~SHL$OTIME$ROPI$IEEEX$EBA8$MICROLIB$REQ8$PRES8$EABIv2 0x00000000   Number         0  anon$$obj.o ABSOLUTE
    __ARM_use_no_argv                        0x00000000   Number         0  main.o ABSOLUTE
    _printf_a                                0x00000000   Number         0  stubs.o ABSOLUTE
    _printf_c                                0x00000000   Number         0  stubs.o ABSOLUTE
    _printf_charcount                        0x00000000   Number         0  stubs.o ABSOLUTE
    _printf_d                                0x00000000   Number         0  stubs.o ABSOLUTE
    _printf_e                                0x00000000   Number         0  stubs.o ABSOLUTE
    _printf_f                                0x00000000   Number         0  stubs.o ABSOLUTE
    _printf_flags                            0x00000000   Number         0  stubs.o ABSOLUTE
    _printf_fp_dec                           0x00000000   Number         0  stubs.o ABSOLUTE
    _printf_fp_hex                           0x00000000   Number         0  stubs.o ABSOLUTE
    _printf_g                                0x00000000   Number         0  stubs.o ABSOLUTE
    _printf_i                                0x00000000   Number         0  stubs.o ABSOLUTE
    _printf_int_dec                          0x00000000   Number         0  stubs.o ABSOLUTE
    _printf_l                                0x00000000   Number         0  stubs.o ABSOLUTE
    _printf_lc                               0x00000000   Number         0  stubs.o ABSOLUTE
    _printf_ll                               0x00000000   Number         0  stubs.o ABSOLUTE
    _printf_lld                              0x00000000   Number         0  stubs.o ABSOLUTE
    _printf_lli                              0x00000000   Number         0  stubs.o ABSOLUTE
    _printf_llo                              0x00000000   Number         0  stubs.o ABSOLUTE
    _printf_llu                              0x00000000   Number         0  stubs.o ABSOLUTE
    _printf_llx                              0x00000000   Number         0  stubs.o ABSOLUTE
    _printf_longlong_dec                     0x00000000   Number         0  stubs.o ABSOLUTE
    _printf_longlong_hex                     0x00000000   Number         0  stubs.o ABSOLUTE
    _printf_longlong_oct                     0x00000000   Number         0  stubs.o ABSOLUTE
    _printf_ls                               0x00000000   Number         0  stubs.o ABSOLUTE
    _printf_mbtowc                           0x00000000   Number         0  stubs.o ABSOLUTE
    _printf_n                                0x00000000   Number         0  stubs.o ABSOLUTE
    _printf_o                                0x00000000   Number         0  stubs.o ABSOLUTE
    _printf_p                                0x00000000   Number         0  stubs.o ABSOLUTE
    _printf_percent                          0x00000000   Number         0  stubs.o ABSOLUTE
    _printf_pre_padding                      0x00000000   Number         0  stubs.o ABSOLUTE
    _printf_return_value                     0x00000000   Number         0  stubs.o ABSOLUTE
    _printf_s                                0x00000000   Number         0  stubs.o ABSOLUTE
    _printf_sizespec                         0x00000000   Number         0  stubs.o ABSOLUTE
    _printf_str                              0x00000000   Number         0  stubs.o ABSOLUTE
    _printf_truncate_signed                  0x00000000   Number         0  stubs.o ABSOLUTE
    _printf_truncate_unsigned                0x00000000   Number         0  stubs.o ABSOLUTE
    _printf_u                                0x00000000   Number         0  stubs.o ABSOLUTE
    _printf_wc                               0x00000000   Number         0  stubs.o ABSOLUTE
    _printf_wctomb                           0x00000000   Number         0  stubs.o ABSOLUTE
    _printf_widthprec                        0x00000000   Number         0  stubs.o ABSOLUTE
    _printf_x                                0x00000000   Number         0  stubs.o ABSOLUTE
    __cpp_initialize__aeabi_                  - Undefined Weak Reference
    __cxa_finalize                            - Undefined Weak Reference
    __decompress                              - Undefined Weak Reference
    _clock_init                               - Undefined Weak Reference
    _microlib_exit                            - Undefined Weak Reference
    __Vectors_Size                           0x000000ec   Number         0  startup_stm32f10x_md.o ABSOLUTE
    __Vectors                                0x08000000   Data           4  startup_stm32f10x_md.o(RESET)
    __Vectors_End                            0x080000ec   Data           0  startup_stm32f10x_md.o(RESET)
    __main                                   0x080000ed   Thumb Code     0  entry.o(.ARM.Collect$$$$00000000)
    _main_stk                                0x080000ed   Thumb Code     0  entry2.o(.ARM.Collect$$$$00000001)
    _main_scatterload                        0x080000f1   Thumb Code     0  entry5.o(.ARM.Collect$$$$00000004)
    __main_after_scatterload                 0x080000f5   Thumb Code     0  entry5.o(.ARM.Collect$$$$00000004)
    _main_clock                              0x080000f5   Thumb Code     0  entry7b.o(.ARM.Collect$$$$00000008)
    _main_cpp_init                           0x080000f5   Thumb Code     0  entry8b.o(.ARM.Collect$$$$0000000A)
    _main_init                               0x080000f5   Thumb Code     0  entry9a.o(.ARM.Collect$$$$0000000B)
    __rt_final_cpp                           0x080000fd   Thumb Code     0  entry10a.o(.ARM.Collect$$$$0000000D)
    __rt_final_exit                          0x080000fd   Thumb Code     0  entry11a.o(.ARM.Collect$$$$0000000F)
    Reset_Handler                            0x08000101   Thumb Code     8  startup_stm32f10x_md.o(.text)
    ADC1_2_IRQHandler                        0x0800011b   Thumb Code     0  startup_stm32f10x_md.o(.text)
    CAN1_RX1_IRQHandler                      0x0800011b   Thumb Code     0  startup_stm32f10x_md.o(.text)
    CAN1_SCE_IRQHandler                      0x0800011b   Thumb Code     0  startup_stm32f10x_md.o(.text)
    DMA1_Channel1_IRQHandler                 0x0800011b   Thumb Code     0  startup_stm32f10x_md.o(.text)
    DMA1_Channel2_IRQHandler                 0x0800011b   Thumb Code     0  startup_stm32f10x_md.o(.text)
    DMA1_Channel3_IRQHandler                 0x0800011b   Thumb Code     0  startup_stm32f10x_md.o(.text)
    DMA1_Channel4_IRQHandler                 0x0800011b   Thumb Code     0  startup_stm32f10x_md.o(.text)
    DMA1_Channel5_IRQHandler                 0x0800011b   Thumb Code     0  startup_stm32f10x_md.o(.text)
    DMA1_Channel6_IRQHandler                 0x0800011b   Thumb Code     0  startup_stm32f10x_md.o(.text)
    DMA1_Channel7_IRQHandler                 0x0800011b   Thumb Code     0  startup_stm32f10x_md.o(.text)
    EXTI0_IRQHandler                         0x0800011b   Thumb Code     0  startup_stm32f10x_md.o(.text)
    EXTI15_10_IRQHandler                     0x0800011b   Thumb Code     0  startup_stm32f10x_md.o(.text)
    EXTI1_IRQHandler                         0x0800011b   Thumb Code     0  startup_stm32f10x_md.o(.text)
    EXTI2_IRQHandler                         0x0800011b   Thumb Code     0  startup_stm32f10x_md.o(.text)
    EXTI3_IRQHandler                         0x0800011b   Thumb Code     0  startup_stm32f10x_md.o(.text)
    EXTI4_IRQHandler                         0x0800011b   Thumb Code     0  startup_stm32f10x_md.o(.text)
    FLASH_IRQHandler                         0x0800011b   Thumb Code     0  startup_stm32f10x_md.o(.text)
    I2C1_ER_IRQHandler                       0x0800011b   Thumb Code     0  startup_stm32f10x_md.o(.text)
    I2C1_EV_IRQHandler                       0x0800011b   Thumb Code     0  startup_stm32f10x_md.o(.text)
    I2C2_ER_IRQHandler                       0x0800011b   Thumb Code     0  startup_stm32f10x_md.o(.text)
    I2C2_EV_IRQHandler                       0x0800011b   Thumb Code     0  startup_stm32f10x_md.o(.text)
    PVD_IRQHandler                           0x0800011b   Thumb Code     0  startup_stm32f10x_md.o(.text)
    RCC_IRQHandler                           0x0800011b   Thumb Code     0  startup_stm32f10x_md.o(.text)
    RTCAlarm_IRQHandler                      0x0800011b   Thumb Code     0  startup_stm32f10x_md.o(.text)
    RTC_IRQHandler                           0x0800011b   Thumb Code     0  startup_stm32f10x_md.o(.text)
    SPI1_IRQHandler                          0x0800011b   Thumb Code     0  startup_stm32f10x_md.o(.text)
    SPI2_IRQHandler                          0x0800011b   Thumb Code     0  startup_stm32f10x_md.o(.text)
    TAMPER_IRQHandler                        0x0800011b   Thumb Code     0  startup_stm32f10x_md.o(.text)
    TIM1_BRK_IRQHandler                      0x0800011b   Thumb Code     0  startup_stm32f10x_md.o(.text)
    TIM1_CC_IRQHandler                       0x0800011b   Thumb Code     0  startup_stm32f10x_md.o(.text)
    TIM1_TRG_COM_IRQHandler                  0x0800011b   Thumb Code     0  startup_stm32f10x_md.o(.text)
    TIM1_UP_IRQHandler                       0x0800011b   Thumb Code     0  startup_stm32f10x_md.o(.text)
    TIM2_IRQHandler                          0x0800011b   Thumb Code     0  startup_stm32f10x_md.o(.text)
    TIM3_IRQHandler                          0x0800011b   Thumb Code     0  startup_stm32f10x_md.o(.text)
    TIM4_IRQHandler                          0x0800011b   Thumb Code     0  startup_stm32f10x_md.o(.text)
    USART3_IRQHandler                        0x0800011b   Thumb Code     0  startup_stm32f10x_md.o(.text)
    USBWakeUp_IRQHandler                     0x0800011b   Thumb Code     0  startup_stm32f10x_md.o(.text)
    USB_HP_CAN1_TX_IRQHandler                0x0800011b   Thumb Code     0  startup_stm32f10x_md.o(.text)
    USB_LP_CAN1_RX0_IRQHandler               0x0800011b   Thumb Code     0  startup_stm32f10x_md.o(.text)
    WWDG_IRQHandler                          0x0800011b   Thumb Code     0  startup_stm32f10x_md.o(.text)
    __aeabi_ldivmod                          0x08000125   Thumb Code    98  ldiv.o(.text)
    __aeabi_memset                           0x08000187   Thumb Code    14  memseta.o(.text)
    __aeabi_memset4                          0x08000187   Thumb Code     0  memseta.o(.text)
    __aeabi_memset8                          0x08000187   Thumb Code     0  memseta.o(.text)
    __aeabi_memclr                           0x08000195   Thumb Code     4  memseta.o(.text)
    __aeabi_memclr4                          0x08000195   Thumb Code     0  memseta.o(.text)
    __aeabi_memclr8                          0x08000195   Thumb Code     0  memseta.o(.text)
    _memset$wrapper                          0x08000199   Thumb Code    18  memseta.o(.text)
    memcmp                                   0x080001ab   Thumb Code    26  memcmp.o(.text)
    __aeabi_fadd                             0x080001c5   Thumb Code   164  fadd.o(.text)
    __aeabi_fsub                             0x08000269   Thumb Code     6  fadd.o(.text)
    __aeabi_frsub                            0x0800026f   Thumb Code     6  fadd.o(.text)
    __aeabi_fmul                             0x08000275   Thumb Code   100  fmul.o(.text)
    __aeabi_fdiv                             0x080002d9   Thumb Code   124  fdiv.o(.text)
    __aeabi_dadd                             0x08000355   Thumb Code   322  dadd.o(.text)
    __aeabi_dsub                             0x08000497   Thumb Code     6  dadd.o(.text)
    __aeabi_drsub                            0x0800049d   Thumb Code     6  dadd.o(.text)
    __aeabi_dmul                             0x080004a3   Thumb Code   228  dmul.o(.text)
    __aeabi_ddiv                             0x08000587   Thumb Code   222  ddiv.o(.text)
    __aeabi_i2f                              0x08000665   Thumb Code    18  fflti.o(.text)
    __aeabi_ui2f                             0x08000677   Thumb Code    10  ffltui.o(.text)
    __aeabi_i2d                              0x08000681   Thumb Code    34  dflti.o(.text)
    __aeabi_f2iz                             0x080006a3   Thumb Code    50  ffixi.o(.text)
    __aeabi_f2uiz                            0x080006d5   Thumb Code    40  ffixui.o(.text)
    __aeabi_d2iz                             0x080006fd   Thumb Code    62  dfixi.o(.text)
    __aeabi_d2uiz                            0x0800073b   Thumb Code    50  dfixui.o(.text)
    __aeabi_f2d                              0x0800076d   Thumb Code    38  f2d.o(.text)
    __aeabi_cdcmpeq                          0x08000795   Thumb Code     0  cdcmple.o(.text)
    __aeabi_cdcmple                          0x08000795   Thumb Code    48  cdcmple.o(.text)
    __aeabi_d2f                              0x080007c5   Thumb Code    56  d2f.o(.text)
    __aeabi_cfcmpeq                          0x080007fd   Thumb Code     0  cfcmple.o(.text)
    __aeabi_cfcmple                          0x080007fd   Thumb Code    20  cfcmple.o(.text)
    __aeabi_cfrcmple                         0x08000811   Thumb Code    20  cfrcmple.o(.text)
    __aeabi_uldivmod                         0x08000825   Thumb Code    98  uldiv.o(.text)
    __aeabi_llsl                             0x08000887   Thumb Code    30  llshl.o(.text)
    _ll_shift_l                              0x08000887   Thumb Code     0  llshl.o(.text)
    __aeabi_llsr                             0x080008a5   Thumb Code    32  llushr.o(.text)
    _ll_ushift_r                             0x080008a5   Thumb Code     0  llushr.o(.text)
    __aeabi_lasr                             0x080008c5   Thumb Code    36  llsshr.o(.text)
    _ll_sshift_r                             0x080008c5   Thumb Code     0  llsshr.o(.text)
    __I$use$fp                               0x080008e9   Thumb Code     0  iusefp.o(.text)
    _float_round                             0x080008e9   Thumb Code    18  fepilogue.o(.text)
    _float_epilogue                          0x080008fb   Thumb Code    92  fepilogue.o(.text)
    _double_round                            0x08000957   Thumb Code    30  depilogue.o(.text)
    _double_epilogue                         0x08000975   Thumb Code   156  depilogue.o(.text)
    __ARM_scalbn                             0x08000a11   Thumb Code    46  dscalb.o(.text)
    scalbn                                   0x08000a11   Thumb Code     0  dscalb.o(.text)
    __scatterload                            0x08000a41   Thumb Code    28  init.o(.text)
    __scatterload_rt2                        0x08000a41   Thumb Code     0  init.o(.text)
    _dsqrt                                   0x08000a65   Thumb Code   162  dsqrt.o(.text)
    BusFault_Handler                         0x08000b07   Thumb Code     4  stm32f10x_it.o(i.BusFault_Handler)
    DebugMon_Handler                         0x08000b0b   Thumb Code     2  stm32f10x_it.o(i.DebugMon_Handler)
    EXTI9_5_IRQHandler                       0x08000b0d   Thumb Code   192  control.o(i.EXTI9_5_IRQHandler)
    EXTI_ClearITPendingBit                   0x08000c09   Thumb Code     6  stm32f10x_exti.o(i.EXTI_ClearITPendingBit)
    EXTI_GetITStatus                         0x08000c15   Thumb Code    34  stm32f10x_exti.o(i.EXTI_GetITStatus)
    EXTI_Init                                0x08000c3d   Thumb Code   142  stm32f10x_exti.o(i.EXTI_Init)
    Encoder_TIM2_Init                        0x08000cd1   Thumb Code   148  encoder.o(i.Encoder_TIM2_Init)
    Encoder_TIM4_Init                        0x08000d69   Thumb Code   142  encoder.o(i.Encoder_TIM4_Init)
    GFP_abs                                  0x08000e01   Thumb Code    16  motor.o(i.GFP_abs)
    GPIO_EXTILineConfig                      0x08000e11   Thumb Code    60  stm32f10x_gpio.o(i.GPIO_EXTILineConfig)
    GPIO_Init                                0x08000e51   Thumb Code   278  stm32f10x_gpio.o(i.GPIO_Init)
    GPIO_PinRemapConfig                      0x08000f69   Thumb Code   138  stm32f10x_gpio.o(i.GPIO_PinRemapConfig)
    GPIO_ResetBits                           0x08000ff9   Thumb Code     4  stm32f10x_gpio.o(i.GPIO_ResetBits)
    GPIO_SetBits                             0x08000ffd   Thumb Code     4  stm32f10x_gpio.o(i.GPIO_SetBits)
    HardFault_Handler                        0x08001001   Thumb Code     4  stm32f10x_it.o(i.HardFault_Handler)
    Limit                                    0x08001005   Thumb Code    54  motor.o(i.Limit)
    MPU6050_EXTI_Init                        0x08001041   Thumb Code   102  exti.o(i.MPU6050_EXTI_Init)
    MPU_Get_Gyroscope                        0x080010ad   Thumb Code    80  mpu6050.o(i.MPU_Get_Gyroscope)
    MPU_IIC_Ack                              0x080010fd   Thumb Code    62  mpuiic.o(i.MPU_IIC_Ack)
    MPU_IIC_Delay                            0x08001149   Thumb Code    10  mpuiic.o(i.MPU_IIC_Delay)
    MPU_IIC_Init                             0x08001155   Thumb Code    38  mpuiic.o(i.MPU_IIC_Init)
    MPU_IIC_NAck                             0x08001181   Thumb Code    62  mpuiic.o(i.MPU_IIC_NAck)
    MPU_IIC_Read_Byte                        0x080011cd   Thumb Code    94  mpuiic.o(i.MPU_IIC_Read_Byte)
    MPU_IIC_Send_Byte                        0x08001239   Thumb Code    80  mpuiic.o(i.MPU_IIC_Send_Byte)
    MPU_IIC_Start                            0x08001295   Thumb Code    60  mpuiic.o(i.MPU_IIC_Start)
    MPU_IIC_Stop                             0x080012dd   Thumb Code    58  mpuiic.o(i.MPU_IIC_Stop)
    MPU_IIC_Wait_Ack                         0x08001325   Thumb Code    86  mpuiic.o(i.MPU_IIC_Wait_Ack)
    MPU_Init                                 0x08001389   Thumb Code   122  mpu6050.o(i.MPU_Init)
    MPU_Read_Byte                            0x08001403   Thumb Code    58  mpu6050.o(i.MPU_Read_Byte)
    MPU_Read_Len                             0x0800143d   Thumb Code   116  mpu6050.o(i.MPU_Read_Len)
    MPU_Set_Accel_Fsr                        0x080014b1   Thumb Code    16  mpu6050.o(i.MPU_Set_Accel_Fsr)
    MPU_Set_Gyro_Fsr                         0x080014c1   Thumb Code    16  mpu6050.o(i.MPU_Set_Gyro_Fsr)
    MPU_Set_LPF                              0x080014d1   Thumb Code    58  mpu6050.o(i.MPU_Set_LPF)
    MPU_Set_Rate                             0x0800150b   Thumb Code    58  mpu6050.o(i.MPU_Set_Rate)
    MPU_Write_Byte                           0x08001545   Thumb Code    68  mpu6050.o(i.MPU_Write_Byte)
    MPU_Write_Len                            0x08001589   Thumb Code    96  mpu6050.o(i.MPU_Write_Len)
    MemManage_Handler                        0x080015e9   Thumb Code     4  stm32f10x_it.o(i.MemManage_Handler)
    Motor_Init                               0x080015ed   Thumb Code    40  motor.o(i.Motor_Init)
    NMI_Handler                              0x08001619   Thumb Code     2  stm32f10x_it.o(i.NMI_Handler)
    NVIC_Config                              0x0800161b   Thumb Code    34  sys.o(i.NVIC_Config)
    NVIC_Init                                0x0800163d   Thumb Code   100  misc.o(i.NVIC_Init)
    NVIC_PriorityGroupConfig                 0x080016ad   Thumb Code    10  misc.o(i.NVIC_PriorityGroupConfig)
    OLED_Clear                               0x080016c1   Thumb Code    62  oled.o(i.OLED_Clear)
    OLED_Float                               0x08001701   Thumb Code   442  oled.o(i.OLED_Float)
    OLED_IIC_Start                           0x080018c1   Thumb Code    44  oled.o(i.OLED_IIC_Start)
    OLED_IIC_Stop                            0x080018f1   Thumb Code    34  oled.o(i.OLED_IIC_Stop)
    OLED_IIC_Wait_Ack                        0x08001919   Thumb Code    24  oled.o(i.OLED_IIC_Wait_Ack)
    OLED_Init                                0x08001935   Thumb Code   282  oled.o(i.OLED_Init)
    OLED_Set_Pos                             0x08001a59   Thumb Code    40  oled.o(i.OLED_Set_Pos)
    OLED_ShowChar                            0x08001a81   Thumb Code   154  oled.o(i.OLED_ShowChar)
    OLED_ShowString                          0x08001b25   Thumb Code    54  oled.o(i.OLED_ShowString)
    OLED_WR_Byte                             0x08001b5b   Thumb Code    24  oled.o(i.OLED_WR_Byte)
    OLED_Write_IIC_Byte                      0x08001b75   Thumb Code    88  oled.o(i.OLED_Write_IIC_Byte)
    OLED_Write_IIC_Command                   0x08001bd1   Thumb Code    44  oled.o(i.OLED_Write_IIC_Command)
    OLED_Write_IIC_Data                      0x08001bfd   Thumb Code    44  oled.o(i.OLED_Write_IIC_Data)
    PWM_Init_TIM1                            0x08001c29   Thumb Code   162  pwm.o(i.PWM_Init_TIM1)
    PendSV_Handler                           0x08001cd5   Thumb Code     2  stm32f10x_it.o(i.PendSV_Handler)
    RCC_APB1PeriphClockCmd                   0x08001cd9   Thumb Code    26  stm32f10x_rcc.o(i.RCC_APB1PeriphClockCmd)
    RCC_APB2PeriphClockCmd                   0x08001cf9   Thumb Code    26  stm32f10x_rcc.o(i.RCC_APB2PeriphClockCmd)
    RCC_GetClocksFreq                        0x08001d19   Thumb Code   192  stm32f10x_rcc.o(i.RCC_GetClocksFreq)
    Read_Spead                               0x08001ded   Thumb Code    64  encoder.o(i.Read_Spead)
    SETPWM                                   0x08001e31   Thumb Code   112  motor.o(i.SETPWM)
    SVC_Handler                              0x08001ead   Thumb Code     2  stm32f10x_it.o(i.SVC_Handler)
    SysTick_CLKSourceConfig                  0x08001f99   Thumb Code    40  misc.o(i.SysTick_CLKSourceConfig)
    SysTick_Handler                          0x08001fc1   Thumb Code     2  stm32f10x_it.o(i.SysTick_Handler)
    SystemInit                               0x08001fc5   Thumb Code    78  system_stm32f10x.o(i.SystemInit)
    TIM_ARRPreloadConfig                     0x08002265   Thumb Code    24  stm32f10x_tim.o(i.TIM_ARRPreloadConfig)
    TIM_ClearFlag                            0x0800227d   Thumb Code     6  stm32f10x_tim.o(i.TIM_ClearFlag)
    TIM_Cmd                                  0x08002283   Thumb Code    24  stm32f10x_tim.o(i.TIM_Cmd)
    TIM_CtrlPWMOutputs                       0x0800229b   Thumb Code    30  stm32f10x_tim.o(i.TIM_CtrlPWMOutputs)
    TIM_EncoderInterfaceConfig               0x080022b9   Thumb Code    66  stm32f10x_tim.o(i.TIM_EncoderInterfaceConfig)
    TIM_GetCounter                           0x080022fb   Thumb Code     6  stm32f10x_tim.o(i.TIM_GetCounter)
    TIM_ICInit                               0x08002301   Thumb Code   150  stm32f10x_tim.o(i.TIM_ICInit)
    TIM_ICStructInit                         0x080023ad   Thumb Code    18  stm32f10x_tim.o(i.TIM_ICStructInit)
    TIM_ITConfig                             0x080023bf   Thumb Code    18  stm32f10x_tim.o(i.TIM_ITConfig)
    TIM_OC1Init                              0x080023d1   Thumb Code   132  stm32f10x_tim.o(i.TIM_OC1Init)
    TIM_OC1PreloadConfig                     0x08002469   Thumb Code    18  stm32f10x_tim.o(i.TIM_OC1PreloadConfig)
    TIM_OC4Init                              0x0800247d   Thumb Code   114  stm32f10x_tim.o(i.TIM_OC4Init)
    TIM_OC4PreloadConfig                     0x080024f9   Thumb Code    26  stm32f10x_tim.o(i.TIM_OC4PreloadConfig)
    TIM_SetCompare1                          0x08002513   Thumb Code     4  stm32f10x_tim.o(i.TIM_SetCompare1)
    TIM_SetCompare4                          0x08002517   Thumb Code     6  stm32f10x_tim.o(i.TIM_SetCompare4)
    TIM_SetCounter                           0x0800251d   Thumb Code     4  stm32f10x_tim.o(i.TIM_SetCounter)
    TIM_SetIC1Prescaler                      0x08002521   Thumb Code    18  stm32f10x_tim.o(i.TIM_SetIC1Prescaler)
    TIM_SetIC2Prescaler                      0x08002533   Thumb Code    26  stm32f10x_tim.o(i.TIM_SetIC2Prescaler)
    TIM_SetIC3Prescaler                      0x0800254d   Thumb Code    18  stm32f10x_tim.o(i.TIM_SetIC3Prescaler)
    TIM_SetIC4Prescaler                      0x0800255f   Thumb Code    26  stm32f10x_tim.o(i.TIM_SetIC4Prescaler)
    TIM_TimeBaseInit                         0x08002579   Thumb Code   122  stm32f10x_tim.o(i.TIM_TimeBaseInit)
    TIM_TimeBaseStructInit                   0x0800261d   Thumb Code    18  stm32f10x_tim.o(i.TIM_TimeBaseStructInit)
    Turn                                     0x08002631   Thumb Code   160  control.o(i.Turn)
    Turn_Off                                 0x080026f5   Thumb Code    58  motor.o(i.Turn_Off)
    USART1_IRQHandler                        0x08002741   Thumb Code   276  usart.o(i.USART1_IRQHandler)
    USART2_IRQHandler                        0x0800287d   Thumb Code    14  usart2.o(i.USART2_IRQHandler)
    USART2_Init                              0x08002891   Thumb Code   126  usart2.o(i.USART2_Init)
    USART_Cmd                                0x08002919   Thumb Code    24  stm32f10x_usart.o(i.USART_Cmd)
    USART_GetFlagStatus                      0x08002931   Thumb Code    26  stm32f10x_usart.o(i.USART_GetFlagStatus)
    USART_GetITStatus                        0x0800294b   Thumb Code    84  stm32f10x_usart.o(i.USART_GetITStatus)
    USART_ITConfig                           0x0800299f   Thumb Code    74  stm32f10x_usart.o(i.USART_ITConfig)
    USART_Init                               0x080029e9   Thumb Code   210  stm32f10x_usart.o(i.USART_Init)
    USART_ReceiveData                        0x08002ac1   Thumb Code    10  stm32f10x_usart.o(i.USART_ReceiveData)
    USART_SendData                           0x08002acb   Thumb Code     8  stm32f10x_usart.o(i.USART_SendData)
    UsageFault_Handler                       0x08002ad3   Thumb Code     4  stm32f10x_it.o(i.UsageFault_Handler)
    Velocity_PI                              0x08002ad9   Thumb Code   346  control.o(i.Velocity_PI)
    Vertical_PD                              0x08002c79   Thumb Code    64  control.o(i.Vertical_PD)
    __0printf$8                              0x08002cc5   Thumb Code    22  printf8.o(i.__0printf$8)
    __1printf$8                              0x08002cc5   Thumb Code     0  printf8.o(i.__0printf$8)
    __2printf                                0x08002cc5   Thumb Code     0  printf8.o(i.__0printf$8)
    __ARM_fpclassify                         0x08002ce5   Thumb Code    40  fpclassify.o(i.__ARM_fpclassify)
    __kernel_poly                            0x08002d0d   Thumb Code   170  poly.o(i.__kernel_poly)
    __mathlib_dbl_infnan                     0x08002db7   Thumb Code     6  dunder.o(i.__mathlib_dbl_infnan)
    __mathlib_dbl_infnan2                    0x08002dbd   Thumb Code     4  dunder.o(i.__mathlib_dbl_infnan2)
    __mathlib_dbl_invalid                    0x08002dc1   Thumb Code    12  dunder.o(i.__mathlib_dbl_invalid)
    __mathlib_dbl_underflow                  0x08002dcd   Thumb Code    10  dunder.o(i.__mathlib_dbl_underflow)
    __scatterload_copy                       0x08002ddd   Thumb Code    14  handlers.o(i.__scatterload_copy)
    __scatterload_null                       0x08002deb   Thumb Code     2  handlers.o(i.__scatterload_null)
    __scatterload_zeroinit                   0x08002ded   Thumb Code    14  handlers.o(i.__scatterload_zeroinit)
    __set_errno                              0x08002dfd   Thumb Code     6  errno.o(i.__set_errno)
    asin                                     0x08003315   Thumb Code   572  asin.o(i.asin)
    atan                                     0x08003585   Thumb Code   474  atan.o(i.atan)
    atan2                                    0x080037a5   Thumb Code   346  atan2.o(i.atan2)
    delay_init                               0x08003989   Thumb Code    50  delay.o(i.delay_init)
    delay_ms                                 0x080039cd   Thumb Code    72  delay.o(i.delay_ms)
    delay_us                                 0x08003a19   Thumb Code    72  delay.o(i.delay_us)
    dmp_enable_6x_lp_quat                    0x08003a65   Thumb Code    60  inv_mpu_dmp_motion_driver.o(i.dmp_enable_6x_lp_quat)
    dmp_enable_feature                       0x08003aa1   Thumb Code   530  inv_mpu_dmp_motion_driver.o(i.dmp_enable_feature)
    dmp_enable_gyro_cal                      0x08003cbd   Thumb Code    62  inv_mpu_dmp_motion_driver.o(i.dmp_enable_gyro_cal)
    dmp_enable_lp_quat                       0x08003d15   Thumb Code    60  inv_mpu_dmp_motion_driver.o(i.dmp_enable_lp_quat)
    dmp_load_motion_driver_firmware          0x08003d51   Thumb Code    20  inv_mpu_dmp_motion_driver.o(i.dmp_load_motion_driver_firmware)
    dmp_read_fifo                            0x08003d69   Thumb Code   456  inv_mpu_dmp_motion_driver.o(i.dmp_read_fifo)
    dmp_set_accel_bias                       0x08003f35   Thumb Code   300  inv_mpu_dmp_motion_driver.o(i.dmp_set_accel_bias)
    dmp_set_fifo_rate                        0x08004065   Thumb Code    96  inv_mpu_dmp_motion_driver.o(i.dmp_set_fifo_rate)
    dmp_set_gyro_bias                        0x080040d5   Thumb Code   294  inv_mpu_dmp_motion_driver.o(i.dmp_set_gyro_bias)
    dmp_set_orientation                      0x08004205   Thumb Code   290  inv_mpu_dmp_motion_driver.o(i.dmp_set_orientation)
    dmp_set_shake_reject_thresh              0x0800433d   Thumb Code    56  inv_mpu_dmp_motion_driver.o(i.dmp_set_shake_reject_thresh)
    dmp_set_shake_reject_time                0x08004375   Thumb Code    38  inv_mpu_dmp_motion_driver.o(i.dmp_set_shake_reject_time)
    dmp_set_shake_reject_timeout             0x0800439b   Thumb Code    38  inv_mpu_dmp_motion_driver.o(i.dmp_set_shake_reject_timeout)
    dmp_set_tap_axes                         0x080043c1   Thumb Code    70  inv_mpu_dmp_motion_driver.o(i.dmp_set_tap_axes)
    dmp_set_tap_count                        0x08004407   Thumb Code    38  inv_mpu_dmp_motion_driver.o(i.dmp_set_tap_count)
    dmp_set_tap_thresh                       0x0800442d   Thumb Code   396  inv_mpu_dmp_motion_driver.o(i.dmp_set_tap_thresh)
    dmp_set_tap_time                         0x080045cd   Thumb Code    38  inv_mpu_dmp_motion_driver.o(i.dmp_set_tap_time)
    dmp_set_tap_time_multi                   0x080045f3   Thumb Code    38  inv_mpu_dmp_motion_driver.o(i.dmp_set_tap_time_multi)
    fputc                                    0x08004619   Thumb Code    32  usart2.o(i.fputc)
    inv_orientation_matrix_to_scalar         0x08004c71   Thumb Code    40  inv_mpu.o(i.inv_orientation_matrix_to_scalar)
    inv_row_2_scale                          0x08004c99   Thumb Code    78  inv_mpu.o(i.inv_row_2_scale)
    main                                     0x08004ce9   Thumb Code   138  main.o(i.main)
    mget_ms                                  0x08004d89   Thumb Code     2  inv_mpu.o(i.mget_ms)
    mpu_configure_fifo                       0x08004d8d   Thumb Code   106  inv_mpu.o(i.mpu_configure_fifo)
    mpu_dmp_get_data                         0x08004dfd   Thumb Code   544  inv_mpu.o(i.mpu_dmp_get_data)
    mpu_dmp_init                             0x08005021   Thumb Code   148  inv_mpu.o(i.mpu_dmp_init)
    mpu_get_accel_fsr                        0x080050b9   Thumb Code    72  inv_mpu.o(i.mpu_get_accel_fsr)
    mpu_get_accel_sens                       0x08005105   Thumb Code    78  inv_mpu.o(i.mpu_get_accel_sens)
    mpu_get_fifo_config                      0x08005159   Thumb Code    12  inv_mpu.o(i.mpu_get_fifo_config)
    mpu_get_gyro_fsr                         0x08005169   Thumb Code    64  inv_mpu.o(i.mpu_get_gyro_fsr)
    mpu_get_gyro_sens                        0x080051ad   Thumb Code    58  inv_mpu.o(i.mpu_get_gyro_sens)
    mpu_get_lpf                              0x080051fd   Thumb Code    74  inv_mpu.o(i.mpu_get_lpf)
    mpu_get_sample_rate                      0x0800524d   Thumb Code    26  inv_mpu.o(i.mpu_get_sample_rate)
    mpu_init                                 0x0800526d   Thumb Code   416  inv_mpu.o(i.mpu_init)
    mpu_load_firmware                        0x0800545d   Thumb Code   180  inv_mpu.o(i.mpu_load_firmware)
    mpu_lp_accel_mode                        0x08005515   Thumb Code   218  inv_mpu.o(i.mpu_lp_accel_mode)
    mpu_read_fifo_stream                     0x080055f5   Thumb Code   186  inv_mpu.o(i.mpu_read_fifo_stream)
    mpu_read_mem                             0x080056b5   Thumb Code   122  inv_mpu.o(i.mpu_read_mem)
    mpu_reset_fifo                           0x08005735   Thumb Code   450  inv_mpu.o(i.mpu_reset_fifo)
    mpu_run_self_test                        0x080058fd   Thumb Code   278  inv_mpu.o(i.mpu_run_self_test)
    mpu_set_accel_fsr                        0x08005a19   Thumb Code   126  inv_mpu.o(i.mpu_set_accel_fsr)
    mpu_set_bypass                           0x08005a9d   Thumb Code   328  inv_mpu.o(i.mpu_set_bypass)
    mpu_set_dmp_state                        0x08005be9   Thumb Code   138  inv_mpu.o(i.mpu_set_dmp_state)
    mpu_set_gyro_fsr                         0x08005c79   Thumb Code   132  inv_mpu.o(i.mpu_set_gyro_fsr)
    mpu_set_int_latched                      0x08005d01   Thumb Code   102  inv_mpu.o(i.mpu_set_int_latched)
    mpu_set_lpf                              0x08005d6d   Thumb Code   126  inv_mpu.o(i.mpu_set_lpf)
    mpu_set_sample_rate                      0x08005df1   Thumb Code   152  inv_mpu.o(i.mpu_set_sample_rate)
    mpu_set_sensors                          0x08005e8d   Thumb Code   202  inv_mpu.o(i.mpu_set_sensors)
    mpu_write_mem                            0x08005f5d   Thumb Code   122  inv_mpu.o(i.mpu_write_mem)
    run_self_test                            0x08005fdd   Thumb Code   148  inv_mpu.o(i.run_self_test)
    sqrt                                     0x08006101   Thumb Code    76  sqrt.o(i.sqrt)
    uart1_init                               0x0800614d   Thumb Code   124  usart.o(i.uart1_init)
    reg                                      0x08006dc8   Data          27  inv_mpu.o(.constdata)
    hw                                       0x08006de4   Data          12  inv_mpu.o(.constdata)
    test                                     0x08006df0   Data          40  inv_mpu.o(.constdata)
    F6x8                                     0x08006e18   Data         552  oled.o(.constdata)
    F8X16                                    0x08007040   Data        1520  oled.o(.constdata)
    __mathlib_zero                           0x08007718   Data           8  qnan.o(.constdata)
    Region$$Table$$Base                      0x08007770   Number         0  anon$$obj.o(Region$$Table)
    Region$$Table$$Limit                     0x08007790   Number         0  anon$$obj.o(Region$$Table)
    SystemCoreClock                          0x20000000   Data           4  system_stm32f10x.o(.data)
    AHBPrescTable                            0x20000004   Data          16  system_stm32f10x.o(.data)
    USART_RX_STA                             0x20000028   Data           1  usart.o(.data)
    Usart1_Receive                           0x20000029   Data           1  usart.o(.data)
    Med_Angle                                0x20000068   Data           4  control.o(.data)
    Vertical_Kp                              0x2000006c   Data           4  control.o(.data)
    Vertical_Kd                              0x20000070   Data           4  control.o(.data)
    Velocity_Kp                              0x20000074   Data           4  control.o(.data)
    Velocity_Ki                              0x20000078   Data           4  control.o(.data)
    Turn_Kp                                  0x2000007c   Data           4  control.o(.data)
    Turn_Kd                                  0x20000080   Data           4  control.o(.data)
    Vertical_out                             0x20000084   Data           4  control.o(.data)
    Velocity_out                             0x20000088   Data           4  control.o(.data)
    Turn_out                                 0x2000008c   Data           4  control.o(.data)
    measure                                  0x20000090   Data           4  control.o(.data)
    motor1                                   0x20000094   Data           4  control.o(.data)
    motor2                                   0x20000098   Data           4  control.o(.data)
    Target_Speed                             0x200000c0   Data           4  main.o(.data)
    gyrox                                    0x200000c4   Data           2  main.o(.data)
    gyroy                                    0x200000c6   Data           2  main.o(.data)
    gyroz                                    0x200000c8   Data           2  main.o(.data)
    Pitch                                    0x200000cc   Data           4  main.o(.data)
    Roll                                     0x200000d0   Data           4  main.o(.data)
    Yaw                                      0x200000d4   Data           4  main.o(.data)
    Encoder_Left                             0x200000d8   Data           4  main.o(.data)
    Encoder_Right                            0x200000dc   Data           4  main.o(.data)
    Flag_Stop                                0x200000e0   Data           1  main.o(.data)
    Flag_jingzhi                             0x200000e1   Data           1  main.o(.data)
    Flag_front                               0x200000e2   Data           1  main.o(.data)
    Flag_back                                0x200000e3   Data           1  main.o(.data)
    Flag_Left                                0x200000e4   Data           1  main.o(.data)
    Flag_Right                               0x200000e5   Data           1  main.o(.data)
    Flag_Turn_jingzhi                        0x200000e6   Data           1  main.o(.data)
    Flag_Quick                               0x200000e7   Data           1  main.o(.data)
    __stdout                                 0x200000e8   Data           4  stdout.o(.data)
    __initial_sp                             0x20000500   Data           0  startup_stm32f10x_md.o(STACK)



==============================================================================

Memory Map of the image

  Image Entry point : 0x080000ed

  Load Region LR_IROM1 (Base: 0x08000000, Size: 0x00007880, Max: 0x00010000, ABSOLUTE)

    Execution Region ER_IROM1 (Base: 0x08000000, Size: 0x00007790, Max: 0x00010000, ABSOLUTE)

    Base Addr    Size         Type   Attr      Idx    E Section Name        Object

    0x08000000   0x000000ec   Data   RO            3    RESET               startup_stm32f10x_md.o
    0x080000ec   0x00000000   Code   RO         4487  * .ARM.Collect$$$$00000000  mc_w.l(entry.o)
    0x080000ec   0x00000004   Code   RO         4832    .ARM.Collect$$$$00000001  mc_w.l(entry2.o)
    0x080000f0   0x00000004   Code   RO         4835    .ARM.Collect$$$$00000004  mc_w.l(entry5.o)
    0x080000f4   0x00000000   Code   RO         4837    .ARM.Collect$$$$00000008  mc_w.l(entry7b.o)
    0x080000f4   0x00000000   Code   RO         4839    .ARM.Collect$$$$0000000A  mc_w.l(entry8b.o)
    0x080000f4   0x00000008   Code   RO         4840    .ARM.Collect$$$$0000000B  mc_w.l(entry9a.o)
    0x080000fc   0x00000000   Code   RO         4842    .ARM.Collect$$$$0000000D  mc_w.l(entry10a.o)
    0x080000fc   0x00000000   Code   RO         4844    .ARM.Collect$$$$0000000F  mc_w.l(entry11a.o)
    0x080000fc   0x00000004   Code   RO         4833    .ARM.Collect$$$$00002712  mc_w.l(entry2.o)
    0x08000100   0x00000024   Code   RO            4    .text               startup_stm32f10x_md.o
    0x08000124   0x00000062   Code   RO         4490    .text               mc_w.l(ldiv.o)
    0x08000186   0x00000024   Code   RO         4492    .text               mc_w.l(memseta.o)
    0x080001aa   0x0000001a   Code   RO         4494    .text               mc_w.l(memcmp.o)
    0x080001c4   0x000000b0   Code   RO         4757    .text               mf_w.l(fadd.o)
    0x08000274   0x00000064   Code   RO         4759    .text               mf_w.l(fmul.o)
    0x080002d8   0x0000007c   Code   RO         4761    .text               mf_w.l(fdiv.o)
    0x08000354   0x0000014e   Code   RO         4763    .text               mf_w.l(dadd.o)
    0x080004a2   0x000000e4   Code   RO         4765    .text               mf_w.l(dmul.o)
    0x08000586   0x000000de   Code   RO         4767    .text               mf_w.l(ddiv.o)
    0x08000664   0x00000012   Code   RO         4769    .text               mf_w.l(fflti.o)
    0x08000676   0x0000000a   Code   RO         4771    .text               mf_w.l(ffltui.o)
    0x08000680   0x00000022   Code   RO         4773    .text               mf_w.l(dflti.o)
    0x080006a2   0x00000032   Code   RO         4777    .text               mf_w.l(ffixi.o)
    0x080006d4   0x00000028   Code   RO         4779    .text               mf_w.l(ffixui.o)
    0x080006fc   0x0000003e   Code   RO         4781    .text               mf_w.l(dfixi.o)
    0x0800073a   0x00000032   Code   RO         4783    .text               mf_w.l(dfixui.o)
    0x0800076c   0x00000026   Code   RO         4785    .text               mf_w.l(f2d.o)
    0x08000792   0x00000002   PAD
    0x08000794   0x00000030   Code   RO         4787    .text               mf_w.l(cdcmple.o)
    0x080007c4   0x00000038   Code   RO         4789    .text               mf_w.l(d2f.o)
    0x080007fc   0x00000014   Code   RO         4791    .text               mf_w.l(cfcmple.o)
    0x08000810   0x00000014   Code   RO         4793    .text               mf_w.l(cfrcmple.o)
    0x08000824   0x00000062   Code   RO         4849    .text               mc_w.l(uldiv.o)
    0x08000886   0x0000001e   Code   RO         4851    .text               mc_w.l(llshl.o)
    0x080008a4   0x00000020   Code   RO         4853    .text               mc_w.l(llushr.o)
    0x080008c4   0x00000024   Code   RO         4855    .text               mc_w.l(llsshr.o)
    0x080008e8   0x00000000   Code   RO         4864    .text               mc_w.l(iusefp.o)
    0x080008e8   0x0000006e   Code   RO         4865    .text               mf_w.l(fepilogue.o)
    0x08000956   0x000000ba   Code   RO         4867    .text               mf_w.l(depilogue.o)
    0x08000a10   0x0000002e   Code   RO         4869    .text               mf_w.l(dscalb.o)
    0x08000a3e   0x00000002   PAD
    0x08000a40   0x00000024   Code   RO         4875    .text               mc_w.l(init.o)
    0x08000a64   0x000000a2   Code   RO         4877    .text               mf_w.l(dsqrt.o)
    0x08000b06   0x00000004   Code   RO         4387    i.BusFault_Handler  stm32f10x_it.o
    0x08000b0a   0x00000002   Code   RO         4388    i.DebugMon_Handler  stm32f10x_it.o
    0x08000b0c   0x000000fc   Code   RO         4014    i.EXTI9_5_IRQHandler  control.o
    0x08000c08   0x0000000c   Code   RO          985    i.EXTI_ClearITPendingBit  stm32f10x_exti.o
    0x08000c14   0x00000028   Code   RO          989    i.EXTI_GetITStatus  stm32f10x_exti.o
    0x08000c3c   0x00000094   Code   RO          990    i.EXTI_Init         stm32f10x_exti.o
    0x08000cd0   0x00000098   Code   RO         4050    i.Encoder_TIM2_Init  encoder.o
    0x08000d68   0x00000098   Code   RO         4051    i.Encoder_TIM4_Init  encoder.o
    0x08000e00   0x00000010   Code   RO         4104    i.GFP_abs           motor.o
    0x08000e10   0x00000040   Code   RO         1344    i.GPIO_EXTILineConfig  stm32f10x_gpio.o
    0x08000e50   0x00000116   Code   RO         1347    i.GPIO_Init         stm32f10x_gpio.o
    0x08000f66   0x00000002   PAD
    0x08000f68   0x00000090   Code   RO         1349    i.GPIO_PinRemapConfig  stm32f10x_gpio.o
    0x08000ff8   0x00000004   Code   RO         1354    i.GPIO_ResetBits    stm32f10x_gpio.o
    0x08000ffc   0x00000004   Code   RO         1355    i.GPIO_SetBits      stm32f10x_gpio.o
    0x08001000   0x00000004   Code   RO         4389    i.HardFault_Handler  stm32f10x_it.o
    0x08001004   0x0000003c   Code   RO         4105    i.Limit             motor.o
    0x08001040   0x0000006c   Code   RO         4089    i.MPU6050_EXTI_Init  exti.o
    0x080010ac   0x00000050   Code   RO         3345    i.MPU_Get_Gyroscope  mpu6050.o
    0x080010fc   0x0000004c   Code   RO         3441    i.MPU_IIC_Ack       mpuiic.o
    0x08001148   0x0000000a   Code   RO         3442    i.MPU_IIC_Delay     mpuiic.o
    0x08001152   0x00000002   PAD
    0x08001154   0x0000002c   Code   RO         3443    i.MPU_IIC_Init      mpuiic.o
    0x08001180   0x0000004c   Code   RO         3444    i.MPU_IIC_NAck      mpuiic.o
    0x080011cc   0x0000006c   Code   RO         3445    i.MPU_IIC_Read_Byte  mpuiic.o
    0x08001238   0x0000005c   Code   RO         3446    i.MPU_IIC_Send_Byte  mpuiic.o
    0x08001294   0x00000048   Code   RO         3447    i.MPU_IIC_Start     mpuiic.o
    0x080012dc   0x00000048   Code   RO         3448    i.MPU_IIC_Stop      mpuiic.o
    0x08001324   0x00000064   Code   RO         3449    i.MPU_IIC_Wait_Ack  mpuiic.o
    0x08001388   0x0000007a   Code   RO         3347    i.MPU_Init          mpu6050.o
    0x08001402   0x0000003a   Code   RO         3348    i.MPU_Read_Byte     mpu6050.o
    0x0800143c   0x00000074   Code   RO         3349    i.MPU_Read_Len      mpu6050.o
    0x080014b0   0x00000010   Code   RO         3350    i.MPU_Set_Accel_Fsr  mpu6050.o
    0x080014c0   0x00000010   Code   RO         3351    i.MPU_Set_Gyro_Fsr  mpu6050.o
    0x080014d0   0x0000003a   Code   RO         3352    i.MPU_Set_LPF       mpu6050.o
    0x0800150a   0x0000003a   Code   RO         3353    i.MPU_Set_Rate      mpu6050.o
    0x08001544   0x00000044   Code   RO         3354    i.MPU_Write_Byte    mpu6050.o
    0x08001588   0x00000060   Code   RO         3355    i.MPU_Write_Len     mpu6050.o
    0x080015e8   0x00000004   Code   RO         4390    i.MemManage_Handler  stm32f10x_it.o
    0x080015ec   0x0000002c   Code   RO         4106    i.Motor_Init        motor.o
    0x08001618   0x00000002   Code   RO         4391    i.NMI_Handler       stm32f10x_it.o
    0x0800161a   0x00000022   Code   RO         3196    i.NVIC_Config       sys.o
    0x0800163c   0x00000070   Code   RO          137    i.NVIC_Init         misc.o
    0x080016ac   0x00000014   Code   RO          138    i.NVIC_PriorityGroupConfig  misc.o
    0x080016c0   0x0000003e   Code   RO         4160    i.OLED_Clear        oled.o
    0x080016fe   0x00000002   PAD
    0x08001700   0x000001c0   Code   RO         4164    i.OLED_Float        oled.o
    0x080018c0   0x00000030   Code   RO         4166    i.OLED_IIC_Start    oled.o
    0x080018f0   0x00000028   Code   RO         4167    i.OLED_IIC_Stop     oled.o
    0x08001918   0x0000001c   Code   RO         4168    i.OLED_IIC_Wait_Ack  oled.o
    0x08001934   0x00000124   Code   RO         4169    i.OLED_Init         oled.o
    0x08001a58   0x00000028   Code   RO         4176    i.OLED_Set_Pos      oled.o
    0x08001a80   0x000000a4   Code   RO         4178    i.OLED_ShowChar     oled.o
    0x08001b24   0x00000036   Code   RO         4180    i.OLED_ShowString   oled.o
    0x08001b5a   0x00000018   Code   RO         4181    i.OLED_WR_Byte      oled.o
    0x08001b72   0x00000002   PAD
    0x08001b74   0x0000005c   Code   RO         4182    i.OLED_Write_IIC_Byte  oled.o
    0x08001bd0   0x0000002c   Code   RO         4183    i.OLED_Write_IIC_Command  oled.o
    0x08001bfc   0x0000002c   Code   RO         4184    i.OLED_Write_IIC_Data  oled.o
    0x08001c28   0x000000ac   Code   RO         4143    i.PWM_Init_TIM1     pwm.o
    0x08001cd4   0x00000002   Code   RO         4392    i.PendSV_Handler    stm32f10x_it.o
    0x08001cd6   0x00000002   PAD
    0x08001cd8   0x00000020   Code   RO         1775    i.RCC_APB1PeriphClockCmd  stm32f10x_rcc.o
    0x08001cf8   0x00000020   Code   RO         1777    i.RCC_APB2PeriphClockCmd  stm32f10x_rcc.o
    0x08001d18   0x000000d4   Code   RO         1785    i.RCC_GetClocksFreq  stm32f10x_rcc.o
    0x08001dec   0x00000044   Code   RO         4052    i.Read_Spead        encoder.o
    0x08001e30   0x0000007c   Code   RO         4107    i.SETPWM            motor.o
    0x08001eac   0x00000002   Code   RO         4393    i.SVC_Handler       stm32f10x_it.o
    0x08001eae   0x00000008   Code   RO           24    i.SetSysClock       system_stm32f10x.o
    0x08001eb6   0x00000002   PAD
    0x08001eb8   0x000000e0   Code   RO           25    i.SetSysClockTo72   system_stm32f10x.o
    0x08001f98   0x00000028   Code   RO          141    i.SysTick_CLKSourceConfig  misc.o
    0x08001fc0   0x00000002   Code   RO         4394    i.SysTick_Handler   stm32f10x_it.o
    0x08001fc2   0x00000002   PAD
    0x08001fc4   0x00000060   Code   RO           27    i.SystemInit        system_stm32f10x.o
    0x08002024   0x00000080   Code   RO         2405    i.TI1_Config        stm32f10x_tim.o
    0x080020a4   0x00000098   Code   RO         2406    i.TI2_Config        stm32f10x_tim.o
    0x0800213c   0x00000090   Code   RO         2407    i.TI3_Config        stm32f10x_tim.o
    0x080021cc   0x00000098   Code   RO         2408    i.TI4_Config        stm32f10x_tim.o
    0x08002264   0x00000018   Code   RO         2409    i.TIM_ARRPreloadConfig  stm32f10x_tim.o
    0x0800227c   0x00000006   Code   RO         2415    i.TIM_ClearFlag     stm32f10x_tim.o
    0x08002282   0x00000018   Code   RO         2421    i.TIM_Cmd           stm32f10x_tim.o
    0x0800229a   0x0000001e   Code   RO         2423    i.TIM_CtrlPWMOutputs  stm32f10x_tim.o
    0x080022b8   0x00000042   Code   RO         2430    i.TIM_EncoderInterfaceConfig  stm32f10x_tim.o
    0x080022fa   0x00000006   Code   RO         2440    i.TIM_GetCounter    stm32f10x_tim.o
    0x08002300   0x000000ac   Code   RO         2444    i.TIM_ICInit        stm32f10x_tim.o
    0x080023ac   0x00000012   Code   RO         2445    i.TIM_ICStructInit  stm32f10x_tim.o
    0x080023be   0x00000012   Code   RO         2446    i.TIM_ITConfig      stm32f10x_tim.o
    0x080023d0   0x00000098   Code   RO         2450    i.TIM_OC1Init       stm32f10x_tim.o
    0x08002468   0x00000012   Code   RO         2453    i.TIM_OC1PreloadConfig  stm32f10x_tim.o
    0x0800247a   0x00000002   PAD
    0x0800247c   0x0000007c   Code   RO         2465    i.TIM_OC4Init       stm32f10x_tim.o
    0x080024f8   0x0000001a   Code   RO         2467    i.TIM_OC4PreloadConfig  stm32f10x_tim.o
    0x08002512   0x00000004   Code   RO         2482    i.TIM_SetCompare1   stm32f10x_tim.o
    0x08002516   0x00000006   Code   RO         2485    i.TIM_SetCompare4   stm32f10x_tim.o
    0x0800251c   0x00000004   Code   RO         2486    i.TIM_SetCounter    stm32f10x_tim.o
    0x08002520   0x00000012   Code   RO         2487    i.TIM_SetIC1Prescaler  stm32f10x_tim.o
    0x08002532   0x0000001a   Code   RO         2488    i.TIM_SetIC2Prescaler  stm32f10x_tim.o
    0x0800254c   0x00000012   Code   RO         2489    i.TIM_SetIC3Prescaler  stm32f10x_tim.o
    0x0800255e   0x0000001a   Code   RO         2490    i.TIM_SetIC4Prescaler  stm32f10x_tim.o
    0x08002578   0x000000a4   Code   RO         2492    i.TIM_TimeBaseInit  stm32f10x_tim.o
    0x0800261c   0x00000012   Code   RO         2493    i.TIM_TimeBaseStructInit  stm32f10x_tim.o
    0x0800262e   0x00000002   PAD
    0x08002630   0x000000c4   Code   RO         4015    i.Turn              control.o
    0x080026f4   0x0000004c   Code   RO         4108    i.Turn_Off          motor.o
    0x08002740   0x0000013c   Code   RO         3268    i.USART1_IRQHandler  usart.o
    0x0800287c   0x00000014   Code   RO         4354    i.USART2_IRQHandler  usart2.o
    0x08002890   0x00000088   Code   RO         4355    i.USART2_Init       usart2.o
    0x08002918   0x00000018   Code   RO         2960    i.USART_Cmd         stm32f10x_usart.o
    0x08002930   0x0000001a   Code   RO         2963    i.USART_GetFlagStatus  stm32f10x_usart.o
    0x0800294a   0x00000054   Code   RO         2964    i.USART_GetITStatus  stm32f10x_usart.o
    0x0800299e   0x0000004a   Code   RO         2966    i.USART_ITConfig    stm32f10x_usart.o
    0x080029e8   0x000000d8   Code   RO         2967    i.USART_Init        stm32f10x_usart.o
    0x08002ac0   0x0000000a   Code   RO         2974    i.USART_ReceiveData  stm32f10x_usart.o
    0x08002aca   0x00000008   Code   RO         2977    i.USART_SendData    stm32f10x_usart.o
    0x08002ad2   0x00000004   Code   RO         4395    i.UsageFault_Handler  stm32f10x_it.o
    0x08002ad6   0x00000002   PAD
    0x08002ad8   0x000001a0   Code   RO         4016    i.Velocity_PI       control.o
    0x08002c78   0x0000004c   Code   RO         4017    i.Vertical_PD       control.o
    0x08002cc4   0x00000020   Code   RO         4703    i.__0printf$8       mc_w.l(printf8.o)
    0x08002ce4   0x00000028   Code   RO         4819    i.__ARM_fpclassify  m_ws.l(fpclassify.o)
    0x08002d0c   0x000000aa   Code   RO         4821    i.__kernel_poly     m_ws.l(poly.o)
    0x08002db6   0x00000006   Code   RO         4806    i.__mathlib_dbl_infnan  m_ws.l(dunder.o)
    0x08002dbc   0x00000004   Code   RO         4807    i.__mathlib_dbl_infnan2  m_ws.l(dunder.o)
    0x08002dc0   0x0000000c   Code   RO         4808    i.__mathlib_dbl_invalid  m_ws.l(dunder.o)
    0x08002dcc   0x00000010   Code   RO         4811    i.__mathlib_dbl_underflow  m_ws.l(dunder.o)
    0x08002ddc   0x0000000e   Code   RO         4881    i.__scatterload_copy  mc_w.l(handlers.o)
    0x08002dea   0x00000002   Code   RO         4882    i.__scatterload_null  mc_w.l(handlers.o)
    0x08002dec   0x0000000e   Code   RO         4883    i.__scatterload_zeroinit  mc_w.l(handlers.o)
    0x08002dfa   0x00000002   PAD
    0x08002dfc   0x0000000c   Code   RO         4859    i.__set_errno       mc_w.l(errno.o)
    0x08002e08   0x00000410   Code   RO         4710    i._printf_core      mc_w.l(printf8.o)
    0x08003218   0x00000024   Code   RO         4711    i._printf_post_padding  mc_w.l(printf8.o)
    0x0800323c   0x0000002e   Code   RO         4712    i._printf_pre_padding  mc_w.l(printf8.o)
    0x0800326a   0x00000002   PAD
    0x0800326c   0x000000a8   Code   RO         3689    i.accel_self_test   inv_mpu.o
    0x08003314   0x00000270   Code   RO         4470    i.asin              m_ws.l(asin.o)
    0x08003584   0x00000220   Code   RO         4796    i.atan              m_ws.l(atan.o)
    0x080037a4   0x00000180   Code   RO         4480    i.atan2             m_ws.l(atan2.o)
    0x08003924   0x00000064   Code   RO         3501    i.decode_gesture    inv_mpu_dmp_motion_driver.o
    0x08003988   0x00000044   Code   RO         3294    i.delay_init        delay.o
    0x080039cc   0x0000004c   Code   RO         3295    i.delay_ms          delay.o
    0x08003a18   0x0000004c   Code   RO         3296    i.delay_us          delay.o
    0x08003a64   0x0000003c   Code   RO         3502    i.dmp_enable_6x_lp_quat  inv_mpu_dmp_motion_driver.o
    0x08003aa0   0x0000021c   Code   RO         3503    i.dmp_enable_feature  inv_mpu_dmp_motion_driver.o
    0x08003cbc   0x00000058   Code   RO         3504    i.dmp_enable_gyro_cal  inv_mpu_dmp_motion_driver.o
    0x08003d14   0x0000003c   Code   RO         3505    i.dmp_enable_lp_quat  inv_mpu_dmp_motion_driver.o
    0x08003d50   0x00000018   Code   RO         3510    i.dmp_load_motion_driver_firmware  inv_mpu_dmp_motion_driver.o
    0x08003d68   0x000001cc   Code   RO         3511    i.dmp_read_fifo     inv_mpu_dmp_motion_driver.o
    0x08003f34   0x00000130   Code   RO         3514    i.dmp_set_accel_bias  inv_mpu_dmp_motion_driver.o
    0x08004064   0x00000070   Code   RO         3515    i.dmp_set_fifo_rate  inv_mpu_dmp_motion_driver.o
    0x080040d4   0x00000130   Code   RO         3516    i.dmp_set_gyro_bias  inv_mpu_dmp_motion_driver.o
    0x08004204   0x00000138   Code   RO         3518    i.dmp_set_orientation  inv_mpu_dmp_motion_driver.o
    0x0800433c   0x00000038   Code   RO         3521    i.dmp_set_shake_reject_thresh  inv_mpu_dmp_motion_driver.o
    0x08004374   0x00000026   Code   RO         3522    i.dmp_set_shake_reject_time  inv_mpu_dmp_motion_driver.o
    0x0800439a   0x00000026   Code   RO         3523    i.dmp_set_shake_reject_timeout  inv_mpu_dmp_motion_driver.o
    0x080043c0   0x00000046   Code   RO         3524    i.dmp_set_tap_axes  inv_mpu_dmp_motion_driver.o
    0x08004406   0x00000026   Code   RO         3525    i.dmp_set_tap_count  inv_mpu_dmp_motion_driver.o
    0x0800442c   0x000001a0   Code   RO         3526    i.dmp_set_tap_thresh  inv_mpu_dmp_motion_driver.o
    0x080045cc   0x00000026   Code   RO         3527    i.dmp_set_tap_time  inv_mpu_dmp_motion_driver.o
    0x080045f2   0x00000026   Code   RO         3528    i.dmp_set_tap_time_multi  inv_mpu_dmp_motion_driver.o
    0x08004618   0x00000024   Code   RO         4357    i.fputc             usart2.o
    0x0800463c   0x000000b4   Code   RO         3690    i.get_accel_prod_shift  inv_mpu.o
    0x080046f0   0x00000470   Code   RO         3691    i.get_st_biases     inv_mpu.o
    0x08004b60   0x00000110   Code   RO         3692    i.gyro_self_test    inv_mpu.o
    0x08004c70   0x00000028   Code   RO         3693    i.inv_orientation_matrix_to_scalar  inv_mpu.o
    0x08004c98   0x0000004e   Code   RO         3694    i.inv_row_2_scale   inv_mpu.o
    0x08004ce6   0x00000002   PAD
    0x08004ce8   0x000000a0   Code   RO         4450    i.main              main.o
    0x08004d88   0x00000002   Code   RO         3695    i.mget_ms           inv_mpu.o
    0x08004d8a   0x00000002   PAD
    0x08004d8c   0x00000070   Code   RO         3696    i.mpu_configure_fifo  inv_mpu.o
    0x08004dfc   0x00000224   Code   RO         3697    i.mpu_dmp_get_data  inv_mpu.o
    0x08005020   0x00000098   Code   RO         3698    i.mpu_dmp_init      inv_mpu.o
    0x080050b8   0x0000004c   Code   RO         3699    i.mpu_get_accel_fsr  inv_mpu.o
    0x08005104   0x00000054   Code   RO         3701    i.mpu_get_accel_sens  inv_mpu.o
    0x08005158   0x00000010   Code   RO         3706    i.mpu_get_fifo_config  inv_mpu.o
    0x08005168   0x00000044   Code   RO         3707    i.mpu_get_gyro_fsr  inv_mpu.o
    0x080051ac   0x00000050   Code   RO         3709    i.mpu_get_gyro_sens  inv_mpu.o
    0x080051fc   0x00000050   Code   RO         3711    i.mpu_get_lpf       inv_mpu.o
    0x0800524c   0x00000020   Code   RO         3713    i.mpu_get_sample_rate  inv_mpu.o
    0x0800526c   0x000001f0   Code   RO         3715    i.mpu_init          inv_mpu.o
    0x0800545c   0x000000b8   Code   RO         3716    i.mpu_load_firmware  inv_mpu.o
    0x08005514   0x000000e0   Code   RO         3717    i.mpu_lp_accel_mode  inv_mpu.o
    0x080055f4   0x000000c0   Code   RO         3720    i.mpu_read_fifo_stream  inv_mpu.o
    0x080056b4   0x00000080   Code   RO         3721    i.mpu_read_mem      inv_mpu.o
    0x08005734   0x000001c8   Code   RO         3724    i.mpu_reset_fifo    inv_mpu.o
    0x080058fc   0x0000011c   Code   RO         3725    i.mpu_run_self_test  inv_mpu.o
    0x08005a18   0x00000084   Code   RO         3727    i.mpu_set_accel_fsr  inv_mpu.o
    0x08005a9c   0x0000014c   Code   RO         3728    i.mpu_set_bypass    inv_mpu.o
    0x08005be8   0x00000090   Code   RO         3730    i.mpu_set_dmp_state  inv_mpu.o
    0x08005c78   0x00000088   Code   RO         3731    i.mpu_set_gyro_fsr  inv_mpu.o
    0x08005d00   0x0000006c   Code   RO         3732    i.mpu_set_int_latched  inv_mpu.o
    0x08005d6c   0x00000084   Code   RO         3734    i.mpu_set_lpf       inv_mpu.o
    0x08005df0   0x0000009c   Code   RO         3735    i.mpu_set_sample_rate  inv_mpu.o
    0x08005e8c   0x000000d0   Code   RO         3736    i.mpu_set_sensors   inv_mpu.o
    0x08005f5c   0x00000080   Code   RO         3737    i.mpu_write_mem     inv_mpu.o
    0x08005fdc   0x00000094   Code   RO         3738    i.run_self_test     inv_mpu.o
    0x08006070   0x00000090   Code   RO         3739    i.set_int_enable    inv_mpu.o
    0x08006100   0x0000004c   Code   RO         4825    i.sqrt              m_ws.l(sqrt.o)
    0x0800614c   0x00000084   Code   RO         3269    i.uart1_init        usart.o
    0x080061d0   0x00000bf6   Data   RO         3530    .constdata          inv_mpu_dmp_motion_driver.o
    0x08006dc6   0x00000002   PAD
    0x08006dc8   0x00000050   Data   RO         3741    .constdata          inv_mpu.o
    0x08006e18   0x00000818   Data   RO         4188    .constdata          oled.o
    0x08007630   0x00000050   Data   RO         4471    .constdata          m_ws.l(asin.o)
    0x08007680   0x00000098   Data   RO         4797    .constdata          m_ws.l(atan.o)
    0x08007718   0x00000008   Data   RO         4823    .constdata          m_ws.l(qnan.o)
    0x08007720   0x0000004d   Data   RO         3742    .conststring        inv_mpu.o
    0x0800776d   0x00000003   PAD
    0x08007770   0x00000020   Data   RO         4879    Region$$Table       anon$$obj.o


    Execution Region RW_IRAM1 (Base: 0x20000000, Size: 0x00000500, Max: 0x00005000, ABSOLUTE)

    Base Addr    Size         Type   Attr      Idx    E Section Name        Object

    0x20000000   0x00000014   Data   RW           28    .data               system_stm32f10x.o
    0x20000014   0x00000014   Data   RW         1805    .data               stm32f10x_rcc.o
    0x20000028   0x00000003   Data   RW         3271    .data               usart.o
    0x2000002b   0x00000001   PAD
    0x2000002c   0x00000004   Data   RW         3297    .data               delay.o
    0x20000030   0x00000035   Data   RW         3743    .data               inv_mpu.o
    0x20000065   0x00000003   PAD
    0x20000068   0x00000058   Data   RW         4018    .data               control.o
    0x200000c0   0x00000028   Data   RW         4451    .data               main.o
    0x200000e8   0x00000004   Data   RW         4846    .data               mc_w.l(stdout.o)
    0x200000ec   0x00000004   Data   RW         4860    .data               mc_w.l(errno.o)
    0x200000f0   0x00000010   Zero   RW         3529    .bss                inv_mpu_dmp_motion_driver.o
    0x20000100   0x00000400   Zero   RW            1    STACK               startup_stm32f10x_md.o


==============================================================================

Image component sizes


      Code (inc. data)   RO Data    RW Data    ZI Data      Debug   Object Name

       940        178          0         88          0       3249   control.o
         0          0          0          0          0       4500   core_cm3.o
       220         26          0          4          0       1535   delay.o
       372         18          0          0          0       1817   encoder.o
       108          6          0          0          0        556   exti.o
      6856        288        157         53          0      29776   inv_mpu.o
      3096        122       3062          0         16      19954   inv_mpu_dmp_motion_driver.o
       160         22          0         40          0       1252   main.o
       172         22          0          0          0     207233   misc.o
       320         40          0          0          0       2551   motor.o
       688          0          0          0          0       6463   mpu6050.o
       650        100          0          0          0       4482   mpuiic.o
      1380         44       2072          0          0       8417   oled.o
       172         10          0          0          0        696   pwm.o
        36          8        236          0       1024        792   startup_stm32f10x_md.o
         0          0          0          0          0       1636   stm32f10x_adc.o
       200         18          0          0          0       3992   stm32f10x_exti.o
       494         10          0          0          0      12436   stm32f10x_gpio.o
        26          0          0          0          0       3506   stm32f10x_it.o
       276         32          0         20          0      12838   stm32f10x_rcc.o
      1544        180          0          0          0      35278   stm32f10x_tim.o
       442          6          0          0          0      11681   stm32f10x_usart.o
        34          0          0          0          0       1658   sys.o
       328         28          0         20          0      45309   system_stm32f10x.o
       448         48          0          3          0       1864   usart.o
       192         20          0          0          0       1590   usart2.o

    ----------------------------------------------------------------------
     19178       1226       5564        232       1040     425061   Object Totals
         0          0         32          0          0          0   (incl. Generated)
        24          0          5          4          0          0   (incl. Padding)

    ----------------------------------------------------------------------

      Code (inc. data)   RO Data    RW Data    ZI Data      Debug   Library Member Name

       624         52         80          0          0        168   asin.o
       544         70        152          0          0        124   atan.o
       384         38          0          0          0        144   atan2.o
        38          6          0          0          0        272   dunder.o
        40          0          0          0          0         68   fpclassify.o
       170          0          0          0          0         96   poly.o
         0          0          8          0          0          0   qnan.o
        76          0          0          0          0         84   sqrt.o
         0          0          0          0          0          0   entry.o
         0          0          0          0          0          0   entry10a.o
         0          0          0          0          0          0   entry11a.o
         8          4          0          0          0          0   entry2.o
         4          0          0          0          0          0   entry5.o
         0          0          0          0          0          0   entry7b.o
         0          0          0          0          0          0   entry8b.o
         8          4          0          0          0          0   entry9a.o
        12          6          0          4          0         68   errno.o
        30          0          0          0          0          0   handlers.o
        36          8          0          0          0         68   init.o
         0          0          0          0          0          0   iusefp.o
        98          0          0          0          0         84   ldiv.o
        30          0          0          0          0         68   llshl.o
        36          0          0          0          0         68   llsshr.o
        32          0          0          0          0         68   llushr.o
        26          0          0          0          0         80   memcmp.o
        36          0          0          0          0        108   memseta.o
      1154         54          0          0          0        352   printf8.o
         0          0          0          4          0          0   stdout.o
        98          0          0          0          0         92   uldiv.o
        48          0          0          0          0         68   cdcmple.o
        20          0          0          0          0         68   cfcmple.o
        20          0          0          0          0         68   cfrcmple.o
        56          0          0          0          0         88   d2f.o
       334          0          0          0          0        148   dadd.o
       222          0          0          0          0        100   ddiv.o
       186          0          0          0          0        176   depilogue.o
        62          0          0          0          0         80   dfixi.o
        50          0          0          0          0         76   dfixui.o
        34          0          0          0          0         76   dflti.o
       228          0          0          0          0         96   dmul.o
        46          0          0          0          0         80   dscalb.o
       162          0          0          0          0        100   dsqrt.o
        38          0          0          0          0         68   f2d.o
       176          0          0          0          0        140   fadd.o
       124          0          0          0          0         88   fdiv.o
       110          0          0          0          0        168   fepilogue.o
        50          0          0          0          0         68   ffixi.o
        40          0          0          0          0         68   ffixui.o
        18          0          0          0          0         68   fflti.o
        10          0          0          0          0         68   ffltui.o
       100          0          0          0          0         76   fmul.o

    ----------------------------------------------------------------------
      5626        242        240          8          0       4048   Library Totals
         8          0          0          0          0          0   (incl. Padding)

    ----------------------------------------------------------------------

      Code (inc. data)   RO Data    RW Data    ZI Data      Debug   Library Name

      1876        166        240          0          0        956   m_ws.l
      1608         76          0          8          0       1056   mc_w.l
      2134          0          0          0          0       2036   mf_w.l

    ----------------------------------------------------------------------
      5626        242        240          8          0       4048   Library Totals

    ----------------------------------------------------------------------

==============================================================================


      Code (inc. data)   RO Data    RW Data    ZI Data      Debug   

     24804       1468       5804        240       1040     418497   Grand Totals
     24804       1468       5804        240       1040     418497   ELF Image Totals
     24804       1468       5804        240          0          0   ROM Totals

==============================================================================

    Total RO  Size (Code + RO Data)                30608 (  29.89kB)
    Total RW  Size (RW Data + ZI Data)              1280 (   1.25kB)
    Total ROM Size (Code + RO Data + RW Data)      30848 (  30.13kB)

==============================================================================

